Microchip MPLAB XC8 Compiler V2.46

Linker command line:

-W-3 \
  --edf=C:\Program Files\Microchip\xc8\v2.46\pic\dat\20240104201356_en.msgs \
  -cn -h+dist/default/production\class4_classpgm2.X.production.sym \
  --cmf=dist/default/production\class4_classpgm2.X.production.cmf -z \
  -Q16F877A -oC:\Users\DELL~1\AppData\Local\Temp\xcAs9fs.\driver_tmp_3.o \
  --defsym=__MPLAB_BUILD=1 --fixupoverflow=error \
  -Mdist/default/production/class4_classpgm2.X.production.map \
  --md=C:\Users\DELL~1\AppData\Local\Temp\xcAs9fs.\driver_tmp_0.dat -E1 \
  -ver=XC8 Compiler --acfsm=1493 -ACODE=00h-07FFhx4 -ASTRCODE=00h-01FFFh \
  -ASTRING=00h-0FFhx32 -ACONST=00h-0FFhx32 -AENTRY=00h-0FFhx32 \
  -ACOMMON=070h-07Fh -ABANK0=020h-06Fh -ABANK1=0A0h-0EFh \
  -ABANK2=0110h-016Fh -ABANK3=0190h-01EFh \
  -ARAM=020h-06Fh,0A0h-0EFh,0110h-016Fh,0190h-01EFh \
  -AABS1=020h-07Fh,0A0h-0EFh,0110h-016Fh,0190h-01EFh -ASFR0=00h-01Fh \
  -ASFR1=080h-09Fh -ASFR2=0100h-010Fh -ASFR3=0180h-018Fh \
  -ACONFIG=02007h-02007h -DCONFIG=2 -AIDLOC=02000h-02003h -DIDLOC=2 \
  -AEEDATA=00h-0FFh/02100h -peeprom_data=EEDATA -DEEDATA=2 -DCODE=2 \
  -DSTRCODE=2 -DSTRING=2 -DCONST=2 -DENTRY=2 \
  -preset_vec=00h,intentry,sivt,init,end_init -ppowerup=CODE -pcinit=CODE \
  -pfunctab=ENTRY -k \
  C:\Users\DELL~1\AppData\Local\Temp\xcAs9fs.\driver_tmp_12.o \
  dist/default/production\class4_classpgm2.X.production.o 

Object code version is 3.11

Machine type is 16F877A



                Name                               Link     Load   Length Selector   Space Scale
C:\Users\DELL~1\AppData\Local\Temp\xcAs9fs.\driver_tmp_12.o
                end_init                              0        0        3        0       0
                config                             2007     2007        1        0       4
dist/default/production\class4_classpgm2.X.production.o
                cinit                               7DE      7DE       22      FBC       0
                config                             2007     2007        1        0       4
                text8                               54E      54E       17      A9C       0
                text7                               5EC      5EC       76      BD8       0
                text6                               525      525       14      A4A       0
                text5                               539      539       15      A72       0
                text4                               5A8      5A8       44      B50       0
                text3                               583      583       25      B06       0
                text2                               70D      70D       D1      E1A       0
                text1                               662      662       AB      CC4       0
                maintext                            504      504        E      A08       0
                cstackBANK0                          4D       4D        8       20       1
                cstackCOMMON                         70       70        D       70       1
                inittext                            512      512       13      A24       0
                dataBANK0                            20       20       1E       20       1
                bssBANK0                             3E       3E        F       20       1
                bssCOMMON                            7D       7D        1       70       1
                idataBANK0                          565      565       1E      ACA       0

TOTAL           Name                               Link     Load   Length     Space
        CLASS   CODE           
                end_init                              0        0        3         0
                cinit                               7DE      7DE       22         0
                text8                               54E      54E       17         0
                text7                               5EC      5EC       76         0
                text6                               525      525       14         0
                text5                               539      539       15         0
                text4                               5A8      5A8       44         0
                text3                               583      583       25         0
                text2                               70D      70D       D1         0
                text1                               662      662       AB         0
                maintext                            504      504        E         0
                inittext                            512      512       13         0
                idataBANK0                          565      565       1E         0

        CLASS   STRCODE        

        CLASS   STRING         

        CLASS   CONST          

        CLASS   ENTRY          

        CLASS   COMMON         
                cstackCOMMON                         70       70        D         1
                bssCOMMON                            7D       7D        1         1

        CLASS   BANK0          
                cstackBANK0                          4D       4D        8         1
                dataBANK0                            20       20       1E         1
                bssBANK0                             3E       3E        F         1

        CLASS   BANK1          

        CLASS   BANK2          

        CLASS   BANK3          

        CLASS   RAM            

        CLASS   ABS1           
                abs_s1                               7E       7E        2         1

        CLASS   SFR0           

        CLASS   SFR1           

        CLASS   SFR2           

        CLASS   SFR3           

        CLASS   CONFIG         
                config                             2007     2007        1         4

        CLASS   IDLOC          

        CLASS   EEDATA         

        CLASS   HEAP           

        CLASS   STACK          



SEGMENTS        Name                           Load    Length   Top    Selector   Space  Class     Delta

                reset_vec                      000000  000003  000003         0       0  CODE        2
                dataBANK0                      000020  000035  000055        20       1  BANK0       1
                cstackCOMMON                   000070  00000E  00007E        70       1  COMMON      1
                maintext                       000504  00000E  000512       A08       0  CODE        2
                inittext                       000512  000013  000525       A24       0  CODE        2
                text6                          000525  000014  000539       A4A       0  CODE        2
                text5                          000539  000015  00054E       A72       0  CODE        2
                text8                          00054E  000017  000565       A9C       0  CODE        2
                idataBANK0                     000565  00001E  000583       ACA       0  CODE        2
                text3                          000583  000025  0005A8       B06       0  CODE        2
                text4                          0005A8  000044  0005EC       B50       0  CODE        2
                text7                          0005EC  000076  000662       BD8       0  CODE        2
                text1                          000662  0000AB  00070D       CC4       0  CODE        2
                text2                          00070D  0000D1  0007DE       E1A       0  CODE        2
                cinit                          0007DE  000022  000800       FBC       0  CODE        2


UNUSED ADDRESS RANGES

        Name                Unused          Largest block    Delta
        BANK0            0055-006F             1B           1
        BANK1            00A0-00EF             50           1
        BANK2            0110-016F             60           1
        BANK3            0190-01EF             60           1
        CODE             0003-0503            501           2
                         0800-1FFF            800
        CONST            0003-0503            100           2
                         0800-1FFF            100
        EEDATA           2100-21FF            100           2
        ENTRY            0003-0503            100           2
                         0800-1FFF            100
        IDLOC            2000-2003              4           2
        RAM              0055-006F             1B           1
                         00A0-00EF             50
                         0110-016F             60
                         0190-01EF             60
        SFR0             0000-001F             20           1
        SFR1             0080-009F             20           1
        SFR2             0100-010F             10           1
        SFR3             0180-018F             10           1
        STRCODE          0003-0503            501           2
                         0800-1FFF           1800
        STRING           0003-0503            100           2
                         0800-1FFF            100

                                  Symbol Table

?___lwdiv                cstackCOMMON 0076
?___wmul                 cstackCOMMON 0070
Lcd_command@i            cstackCOMMON 0072
Lcd_data@i               cstackCOMMON 0072
Lcd_output@i             cstackBANK0  004D
_Lcd_command             text8        054E
_Lcd_data                text6        0525
_Lcd_output              text2        070D
_OPTION_REG              (abs)        0081
_PORTB                   (abs)        0006
_PORTC                   (abs)        0007
_PORTD                   (abs)        0008
_TRISB                   (abs)        0086
_TRISC                   (abs)        0087
_TRISD                   (abs)        0088
__H__absolute__          __absolute__ 0000
__Habs1                  abs1         0000
__Hbank0                 bank0        0000
__Hbank1                 bank1        0000
__Hbank2                 bank2        0000
__Hbank3                 bank3        0000
__HbssBANK0              bssBANK0     0000
__HbssCOMMON             bssCOMMON    0000
__Hcinit                 cinit        0800
__Hclrtext               clrtext      0000
__Hcode                  code         0000
__Hcommon                common       0000
__Hconfig                config       2008
__HcstackBANK0           cstackBANK0  0000
__HcstackCOMMON          cstackCOMMON 0000
__HdataBANK0             dataBANK0    0000
__Heeprom_data           eeprom_data  0000
__Hend_init              end_init     0003
__Hfunctab               functab      0000
__Hheap                  heap         0000
__HidataBANK0            idataBANK0   0000
__Hinit                  init         0000
__Hinittext              inittext     0000
__Hintentry              intentry     0000
__Hmaintext              maintext     0000
__Hpowerup               powerup      0000
__Hram                   ram          0000
__Hreset_vec             reset_vec    0000
__Hsfr0                  sfr0         0000
__Hsfr1                  sfr1         0000
__Hsfr2                  sfr2         0000
__Hsfr3                  sfr3         0000
__Hsivt                  sivt         0000
__Hspace_0               (abs)        0800
__Hspace_1               (abs)        007E
__Hspace_2               (abs)        0000
__Hspace_3               (abs)        0000
__Hspace_4               (abs)        400F
__Hstack                 stack        0000
__Hstrings               strings      0000
__Htext                  text         0000
__L__absolute__          __absolute__ 0000
__Labs1                  abs1         0000
__Lbank0                 bank0        0000
__Lbank1                 bank1        0000
__Lbank2                 bank2        0000
__Lbank3                 bank3        0000
__LbssBANK0              bssBANK0     0000
__LbssCOMMON             bssCOMMON    0000
__Lcinit                 cinit        07DE
__Lclrtext               clrtext      0000
__Lcode                  code         0000
__Lcommon                common       0000
__Lconfig                config       0000
__LcstackBANK0           cstackBANK0  0000
__LcstackCOMMON          cstackCOMMON 0000
__LdataBANK0             dataBANK0    0000
__Leeprom_data           eeprom_data  0000
__Lend_init              end_init     0000
__Lfunctab               functab      0000
__Lheap                  heap         0000
__LidataBANK0            idataBANK0   0000
__Linit                  init         0000
__Linittext              inittext     0000
__Lintentry              intentry     0000
__Lmaintext              maintext     0000
__Lpowerup               powerup      0000
__Lram                   ram          0000
__Lreset_vec             reset_vec    0000
__Lsfr0                  sfr0         0000
__Lsfr1                  sfr1         0000
__Lsfr2                  sfr2         0000
__Lsfr3                  sfr3         0000
__Lsivt                  sivt         0000
__Lspace_0               (abs)        0000
__Lspace_1               (abs)        0000
__Lspace_2               (abs)        0000
__Lspace_3               (abs)        0000
__Lspace_4               (abs)        0000
__Lstack                 stack        0000
__Lstrings               strings      0000
__Ltext                  text         0000
__S0                     (abs)        0800
__S1                     (abs)        007E
__S3                     (abs)        0000
___bmul                  text5        0539
___bmul@multiplicand     cstackCOMMON 0070
___bmul@multiplier       cstackCOMMON 0072
___bmul@product          cstackCOMMON 0071
___heap_hi               (abs)        0000
___heap_lo               (abs)        0000
___int_sp                stack        0000
___int_stack_hi          stack        0000
___int_stack_lo          stack        0000
___latbits               (abs)        0002
___lwdiv                 text4        05A8
___lwdiv@counter         cstackCOMMON 007C
___lwdiv@dividend        cstackCOMMON 0078
___lwdiv@divisor         cstackCOMMON 0076
___lwdiv@quotient        cstackCOMMON 007A
___sp                    stack        0000
___stack_hi              stack        0000
___stack_lo              stack        0000
___stackhi               (abs)        0000
___stacklo               (abs)        0000
___wmul                  text3        0583
___wmul@multiplicand     cstackCOMMON 0072
___wmul@multiplier       cstackCOMMON 0070
___wmul@product          cstackCOMMON 0074
__end_of_Lcd_command     text8        0565
__end_of_Lcd_data        text6        0539
__end_of_Lcd_output      text2        07DE
__end_of___bmul          text5        054E
__end_of___lwdiv         text4        05EC
__end_of___wmul          text3        05A8
__end_of__initialization cinit        07FC
__end_of_init            text7        0662
__end_of_keyscan         text1        070D
__end_of_main            maintext     0512
__initialization         cinit        07DE
__pbssBANK0              bssBANK0     003E
__pbssCOMMON             bssCOMMON    007D
__pcstackBANK0           cstackBANK0  004D
__pcstackCOMMON          cstackCOMMON 0070
__pdataBANK0             dataBANK0    0020
__pidataBANK0            idataBANK0   0565
__pmaintext              maintext     0504
__ptext1                 text1        0662
__ptext2                 text2        070D
__ptext3                 text3        0583
__ptext4                 text4        05A8
__ptext5                 text5        0539
__ptext6                 text6        0525
__ptext7                 text7        05EC
__ptext8                 text8        054E
_array                   dataBANK0    0020
_d1                      bssBANK0     0042
_d2                      bssBANK0     0044
_d3                      bssBANK0     0046
_d4                      bssBANK0     0048
_init                    text7        05EC
_j                       bssBANK0     0040
_keyscan                 text1        0662
_main                    maintext     0504
_value                   bssBANK0     004A
_x                       bssBANK0     004C
btemp                    (abs)        007E
end_of_initialization    cinit        07FC
init_fetch0              inittext     0512
init_ram0                inittext     0516
intlevel0                functab      0000
intlevel1                functab      0000
intlevel2                functab      0000
intlevel3                functab      0000
intlevel4                functab      0000
intlevel5                functab      0000
reset_vec                reset_vec    0000
start                    init         0000
start_initialization     cinit        07DE
wtemp0                   (abs)        007E


MODULE INFORMATION

Module		Function		Class		Link	Load	Size
C:\Program Files\Microchip\xc8\v2.46\pic\sources\c99\common\lwdiv.c
		___lwdiv       		CODE           	05A8	0000	68

C:\Program Files\Microchip\xc8\v2.46\pic\sources\c99\common\lwdiv.c estimated size: 68

class4_class1pgm.c
		_init          		CODE           	05EC	0000	118
		_main          		CODE           	0504	0000	14
		_keyscan       		CODE           	0662	0000	171
		_Lcd_output    		CODE           	070D	0000	209
		_Lcd_command   		CODE           	054E	0000	23
		_Lcd_data      		CODE           	0525	0000	20

class4_class1pgm.c estimated size: 555

C:\Program Files\Microchip\xc8\v2.46\pic\sources\c99\common\Umul8.c
		___bmul        		CODE           	0539	0000	21

C:\Program Files\Microchip\xc8\v2.46\pic\sources\c99\common\Umul8.c estimated size: 21

shared
		__initialization		CODE           	07DE	0000	30

shared estimated size: 30

C:\Program Files\Microchip\xc8\v2.46\pic\sources\c99\common\Umul16.c
		___wmul        		CODE           	0583	0000	37

C:\Program Files\Microchip\xc8\v2.46\pic\sources\c99\common\Umul16.c estimated size: 37

