Microchip MPLAB XC8 Compiler V2.46

Linker command line:

-W-3 \
  --edf=C:\Program Files\Microchip\xc8\v2.46\pic\dat\20240104201356_en.msgs \
  -cn -h+dist/default/debug\class4_classpgm2.X.debug.sym \
  --cmf=dist/default/debug\class4_classpgm2.X.debug.cmf -z -Q16F877A \
  -oC:\Users\DELL~1\AppData\Local\Temp\xcAsags.\driver_tmp_3.o \
  --defsym=__MPLAB_BUILD=1 --fixupoverflow=error \
  -Mdist/default/debug/class4_classpgm2.X.debug.map \
  --md=C:\Users\DELL~1\AppData\Local\Temp\xcAsags.\driver_tmp_0.dat -E1 \
  -ver=XC8 Compiler --acfsm=1493 -ACODE=00h-07FFhx4 -ASTRCODE=00h-01FFFh \
  -ASTRING=00h-0FFhx32 -ACONST=00h-0FFhx32 -AENTRY=00h-0FFhx32 \
  -ACOMMON=070h-07Fh -ABANK0=020h-06Fh -ABANK1=0A0h-0EFh \
  -ABANK2=0110h-016Fh -ABANK3=0190h-01EFh \
  -ARAM=020h-06Fh,0A0h-0EFh,0110h-016Fh,0190h-01EFh \
  -AABS1=020h-07Fh,0A0h-0EFh,0110h-016Fh,0190h-01EFh -ASFR0=00h-01Fh \
  -ASFR1=080h-09Fh -ASFR2=0100h-010Fh -ASFR3=0180h-018Fh \
  -ACONFIG=02007h-02007h -DCONFIG=2 -AIDLOC=02000h-02003h -DIDLOC=2 \
  -AEEDATA=00h-0FFh/02100h -peeprom_data=EEDATA -DEEDATA=2 -DCODE=2 \
  -DSTRCODE=2 -DSTRING=2 -DCONST=2 -DENTRY=2 \
  -preset_vec=00h,intentry,sivt,init,end_init -ppowerup=CODE -pcinit=CODE \
  -pfunctab=ENTRY -k \
  C:\Users\DELL~1\AppData\Local\Temp\xcAsags.\driver_tmp_12.o \
  dist/default/debug\class4_classpgm2.X.debug.o 

Object code version is 3.11

Machine type is 16F877A



                Name                               Link     Load   Length Selector   Space Scale
C:\Users\DELL~1\AppData\Local\Temp\xcAsags.\driver_tmp_12.o
                end_init                              0        0        3        0       0
                config                             2007     2007        1        0       4
dist/default/debug\class4_classpgm2.X.debug.o
                cinit                               7EC      7EC       14      FD8       0
                config                             2007     2007        1        0       4
                text14                                D        D       18       1A       0
                text13                              EF0      EF0       79     1DE0       0
                text12                              D6C      D6C       15     1AD8       0
                text11                              DA5      DA5       27     1B4A       0
                text10                              4A7      4A7      345      94E       0
                text9                               E78      E78       78     1CF0       0
                text8                                25       25       44       4A       0
                text7                               DCC      DCC       3A     1B98       0
                text6                               E06      E06       72     1C0C       0
                text5                               243      243      264      486       0
                text4                               D81      D81       24     1B02       0
                text3                                69       69       A2       D2       0
                text2                               F69      F69       97     1ED2       0
                text1                               10B      10B      138      216       0
                maintext                            D37      D37        E     1A6E       0
                cstackBANK0                          20       20       27       20       1
                cstackCOMMON                         70       70        E       70       1
                inittext                            D45      D45       13     1A8A       0
                dataBANK0                            47       47       14       20       1
                bssBANK0                             5B       5B        2       20       1
                strings                             800      800       2E     1000       0
                idataBANK0                          D58      D58       14     1AB0       0

TOTAL           Name                               Link     Load   Length     Space
        CLASS   CODE           
                end_init                              0        0        3         0
                cinit                               7EC      7EC       14         0
                text14                                D        D       18         0
                text13                              EF0      EF0       79         0
                text12                              D6C      D6C       15         0
                text11                              DA5      DA5       27         0
                text10                              4A7      4A7      345         0
                text9                               E78      E78       78         0
                text8                                25       25       44         0
                text7                               DCC      DCC       3A         0
                text6                               E06      E06       72         0
                text5                               243      243      264         0
                text4                               D81      D81       24         0
                text3                                69       69       A2         0
                text2                               F69      F69       97         0
                text1                               10B      10B      138         0
                maintext                            D37      D37        E         0
                inittext                            D45      D45       13         0
                idataBANK0                          D58      D58       14         0

        CLASS   STRCODE        

        CLASS   STRING         
                strings                             800      800       2E         0

        CLASS   CONST          

        CLASS   ENTRY          

        CLASS   COMMON         
                cstackCOMMON                         70       70        E         1

        CLASS   BANK0          
                cstackBANK0                          20       20       27         1
                dataBANK0                            47       47       14         1
                bssBANK0                             5B       5B        2         1

        CLASS   BANK1          

        CLASS   BANK2          

        CLASS   BANK3          

        CLASS   RAM            

        CLASS   ABS1           
                abs_s1                               7E       7E        2         1

        CLASS   SFR0           

        CLASS   SFR1           

        CLASS   SFR2           

        CLASS   SFR3           

        CLASS   CONFIG         
                config                             2007     2007        1         4

        CLASS   IDLOC          

        CLASS   EEDATA         

        CLASS   HEAP           

        CLASS   STACK          



SEGMENTS        Name                           Load    Length   Top    Selector   Space  Class     Delta

                reset_vec                      000000  000003  000003         0       0  CODE        2
                text14                         00000D  000018  000025        1A       0  CODE        2
                cstackBANK0                    000020  00003D  00005D        20       1  BANK0       1
                text8                          000025  000044  000069        4A       0  CODE        2
                cstackCOMMON                   000070  00000E  00007E        70       1  COMMON      1
                text3                          000069  0000A2  00010B        D2       0  CODE        2
                text1                          00010B  000138  000243       216       0  CODE        2
                text5                          000243  000264  0004A7       486       0  CODE        2
                text10                         0004A7  000345  0007EC       94E       0  CODE        2
                cinit                          0007EC  000014  000800       FD8       0  CODE        2
                strings                        000800  00002E  00082E      1000       0  STRING      2
                maintext                       000D37  00000E  000D45      1A6E       0  CODE        2
                inittext                       000D45  000013  000D58      1A8A       0  CODE        2
                idataBANK0                     000D58  000014  000D6C      1AB0       0  CODE        2
                text12                         000D6C  000015  000D81      1AD8       0  CODE        2
                text4                          000D81  000024  000DA5      1B02       0  CODE        2
                text11                         000DA5  000027  000DCC      1B4A       0  CODE        2
                text7                          000DCC  00003A  000E06      1B98       0  CODE        2
                text6                          000E06  000072  000E78      1C0C       0  CODE        2
                text9                          000E78  000078  000EF0      1CF0       0  CODE        2
                text13                         000EF0  000079  000F69      1DE0       0  CODE        2
                text2                          000F69  000097  001000      1ED2       0  CODE        2


UNUSED ADDRESS RANGES

        Name                Unused          Largest block    Delta
        BANK0            005D-006F             13           1
        BANK1            00A0-00EF             50           1
        BANK2            0110-016F             60           1
        BANK3            0190-01EF             60           1
        CODE             0003-000C              A           2
                         082E-0D36            509
                         1000-1FFF            800
        CONST            0003-000C              A           2
                         082E-0D36            100
                         1000-1FFF            100
        EEDATA           2100-21FF            100           2
        ENTRY            0003-000C              A           2
                         082E-0D36            100
                         1000-1FFF            100
        IDLOC            2000-2003              4           2
        RAM              005D-006F             13           1
                         00A0-00EF             50
                         0110-016F             60
                         0190-01EF             60
        SFR0             0000-001F             20           1
        SFR1             0080-009F             20           1
        SFR2             0100-010F             10           1
        SFR3             0180-018F             10           1
        STRCODE          0003-000C              A           2
                         082E-0D36            509
                         1000-1FFF           1000
        STRING           0003-000C              A           2
                         082E-0D36            100
                         1000-1FFF            100

                                  Symbol Table

?__Umul8_16              cstackCOMMON 0070
?___fladd                cstackCOMMON 0070
?___flmul                cstackBANK0  0020
?___flsub                cstackBANK0  0028
?___fltol                cstackBANK0  0035
?___lwdiv                cstackCOMMON 0070
?___lwmod                cstackCOMMON 0077
Lcd_command@i            cstackCOMMON 0072
Lcd_data@i               cstackCOMMON 0072
Lcd_output@d1            cstackBANK0  0044
Lcd_output@d2            cstackBANK0  0043
Lcd_output@i             cstackBANK0  0045
Lcd_output@voltage       cstackBANK0  003F
_Lcd_command             text14       000D
_Lcd_data                text12       0D6C
_Lcd_output              text6        0E06
_OPTION_REG              (abs)        0081
_PORTB                   (abs)        0006
_PORTC                   (abs)        0007
_PORTD                   (abs)        0008
_TRISB                   (abs)        0086
_TRISC                   (abs)        0087
_TRISD                   (abs)        0088
__H__absolute__          __absolute__ 0000
__Habs1                  abs1         0000
__Hbank0                 bank0        0000
__Hbank1                 bank1        0000
__Hbank2                 bank2        0000
__Hbank3                 bank3        0000
__HbssBANK0              bssBANK0     0000
__Hcinit                 cinit        0800
__Hclrtext               clrtext      0000
__Hcode                  code         0000
__Hcommon                common       0000
__Hconfig                config       2008
__HcstackBANK0           cstackBANK0  0000
__HcstackCOMMON          cstackCOMMON 0000
__HdataBANK0             dataBANK0    0000
__Heeprom_data           eeprom_data  0000
__Hend_init              end_init     0003
__Hfunctab               functab      0000
__Hheap                  heap         0000
__HidataBANK0            idataBANK0   0000
__Hinit                  init         0000
__Hinittext              inittext     0000
__Hintentry              intentry     0000
__Hmaintext              maintext     0000
__Hpowerup               powerup      0000
__Hram                   ram          0000
__Hreset_vec             reset_vec    0000
__Hsfr0                  sfr0         0000
__Hsfr1                  sfr1         0000
__Hsfr2                  sfr2         0000
__Hsfr3                  sfr3         0000
__Hsivt                  sivt         0000
__Hspace_0               (abs)        1000
__Hspace_1               (abs)        007E
__Hspace_2               (abs)        0000
__Hspace_3               (abs)        0000
__Hspace_4               (abs)        400F
__Hstack                 stack        0000
__Hstrings               strings      0000
__Htext                  text         0000
__L__absolute__          __absolute__ 0000
__Labs1                  abs1         0000
__Lbank0                 bank0        0000
__Lbank1                 bank1        0000
__Lbank2                 bank2        0000
__Lbank3                 bank3        0000
__LbssBANK0              bssBANK0     0000
__Lcinit                 cinit        07EC
__Lclrtext               clrtext      0000
__Lcode                  code         0000
__Lcommon                common       0000
__Lconfig                config       0000
__LcstackBANK0           cstackBANK0  0000
__LcstackCOMMON          cstackCOMMON 0000
__LdataBANK0             dataBANK0    0000
__Leeprom_data           eeprom_data  0000
__Lend_init              end_init     0000
__Lfunctab               functab      0000
__Lheap                  heap         0000
__LidataBANK0            idataBANK0   0000
__Linit                  init         0000
__Linittext              inittext     0000
__Lintentry              intentry     0000
__Lmaintext              maintext     0000
__Lpowerup               powerup      0000
__Lram                   ram          0000
__Lreset_vec             reset_vec    0000
__Lsfr0                  sfr0         0000
__Lsfr1                  sfr1         0000
__Lsfr2                  sfr2         0000
__Lsfr3                  sfr3         0000
__Lsivt                  sivt         0000
__Lspace_0               (abs)        0000
__Lspace_1               (abs)        0000
__Lspace_2               (abs)        0000
__Lspace_3               (abs)        0000
__Lspace_4               (abs)        0000
__Lstack                 stack        0000
__Lstrings               strings      0000
__Ltext                  text         0000
__S0                     (abs)        1000
__S1                     (abs)        007E
__S3                     (abs)        0000
__Umul8_16               text11       0DA5
__Umul8_16@multiplicand  cstackCOMMON 0070
__Umul8_16@multiplier    cstackCOMMON 0078
__Umul8_16@product       cstackCOMMON 0074
__Umul8_16@word_mpld     cstackCOMMON 0076
___fladd                 text5        0243
___fladd@a               cstackCOMMON 0074
___fladd@aexp            cstackCOMMON 0079
___fladd@b               cstackCOMMON 0070
___fladd@bexp            cstackCOMMON 007A
___fladd@grs             cstackCOMMON 007B
___fladd@signs           cstackCOMMON 0078
___flge                  text3        0069
___flge@ff1              cstackCOMMON 0070
___flge@ff2              cstackCOMMON 0074
___flmul                 text10       04A7
___flmul@a               cstackBANK0  0024
___flmul@aexp            cstackBANK0  002D
___flmul@b               cstackBANK0  0020
___flmul@bexp            cstackBANK0  002E
___flmul@grs             cstackBANK0  0029
___flmul@prod            cstackBANK0  002F
___flmul@sign            cstackBANK0  0028
___flmul@temp            cstackBANK0  0033
___flsub                 text4        0D81
___flsub@a               cstackBANK0  0028
___flsub@b               cstackBANK0  002C
___fltol                 text9        0E78
___fltol@exp1            cstackBANK0  003E
___fltol@f1              cstackBANK0  0035
___fltol@sign1           cstackBANK0  003D
___heap_hi               (abs)        0000
___heap_lo               (abs)        0000
___int_sp                stack        0000
___int_stack_hi          stack        0000
___int_stack_lo          stack        0000
___latbits               (abs)        0002
___lwdiv                 text8        0025
___lwdiv@counter         cstackCOMMON 0076
___lwdiv@dividend        cstackCOMMON 0072
___lwdiv@divisor         cstackCOMMON 0070
___lwdiv@quotient        cstackCOMMON 0074
___lwmod                 text7        0DCC
___lwmod@counter         cstackCOMMON 007B
___lwmod@dividend        cstackCOMMON 0079
___lwmod@divisor         cstackCOMMON 0077
___sp                    stack        0000
___stack_hi              stack        0000
___stack_lo              stack        0000
___stackhi               (abs)        0000
___stacklo               (abs)        0000
__end_of_Lcd_command     text14       0025
__end_of_Lcd_data        text12       0D81
__end_of_Lcd_output      text6        0E78
__end_of__Umul8_16       text11       0DCC
__end_of___fladd         text5        04A7
__end_of___flge          text3        010B
__end_of___flmul         text10       07EC
__end_of___flsub         text4        0DA5
__end_of___fltol         text9        0EF0
__end_of___lwdiv         text8        0069
__end_of___lwmod         text7        0E06
__end_of__initialization cinit        07FC
__end_of__stringtab      strings      0806
__end_of_display_status  text2        1000
__end_of_init            text13       0F69
__end_of_keyscan         text1        0243
__end_of_main            maintext     0D45
__initialization         cinit        07EC
__pbssBANK0              bssBANK0     005B
__pcstackBANK0           cstackBANK0  0020
__pcstackCOMMON          cstackCOMMON 0070
__pdataBANK0             dataBANK0    0047
__pidataBANK0            idataBANK0   0D58
__pmaintext              maintext     0D37
__pstrings               strings      0800
__ptext1                 text1        010B
__ptext10                text10       04A7
__ptext11                text11       0DA5
__ptext12                text12       0D6C
__ptext13                text13       0EF0
__ptext14                text14       000D
__ptext2                 text2        0F69
__ptext3                 text3        0069
__ptext4                 text4        0D81
__ptext5                 text5        0243
__ptext6                 text6        0E06
__ptext7                 text7        0DCC
__ptext8                 text8        0025
__ptext9                 text9        0E78
__stringbase             strings      0805
__stringtab              strings      0800
_array                   dataBANK0    0047
_battery_voltage         dataBANK0    0057
_display_status          text2        0F69
_init                    text13       0EF0
_keyscan                 text1        010B
_main                    maintext     0D37
_value                   bssBANK0     005B
_x                       bssBANK0     005C
btemp                    (abs)        007E
end_of_initialization    cinit        07FC
init_fetch0              inittext     0D45
init_ram0                inittext     0D49
intlevel0                functab      0000
intlevel1                functab      0000
intlevel2                functab      0000
intlevel3                functab      0000
intlevel4                functab      0000
intlevel5                functab      0000
reset_vec                reset_vec    0000
start                    init         0000
start_initialization     cinit        07EC
wtemp0                   (abs)        007E


MODULE INFORMATION

Module		Function		Class		Link	Load	Size
C:\Program Files\Microchip\xc8\v2.46\pic\sources\c99\common\fltol.c
		___fltol       		CODE           	0E78	0000	120

C:\Program Files\Microchip\xc8\v2.46\pic\sources\c99\common\fltol.c estimated size: 120

C:\Program Files\Microchip\xc8\v2.46\pic\sources\c99\common\Umul8_16.c
		__Umul8_16     		CODE           	0DA5	0000	39

C:\Program Files\Microchip\xc8\v2.46\pic\sources\c99\common\Umul8_16.c estimated size: 39

C:\Program Files\Microchip\xc8\v2.46\pic\sources\c99\common\lwdiv.c
		___lwdiv       		CODE           	0025	0000	68

C:\Program Files\Microchip\xc8\v2.46\pic\sources\c99\common\lwdiv.c estimated size: 68

class4_class1pgm.c
		_init          		CODE           	0EF0	0000	121
		_main          		CODE           	0D37	0000	14
		_display_status		CODE           	0F69	0000	151
		_keyscan       		CODE           	010B	0000	312
		_Lcd_output    		CODE           	0E06	0000	114
		_Lcd_command   		CODE           	000D	0000	24
		_Lcd_data      		CODE           	0D6C	0000	21

class4_class1pgm.c estimated size: 757

C:\Program Files\Microchip\xc8\v2.46\pic\sources\c99\common\sprcmul.c
		___flmul       		CODE           	04A7	0000	837

C:\Program Files\Microchip\xc8\v2.46\pic\sources\c99\common\sprcmul.c estimated size: 837

shared
		__stringtab    		STRING         	0800	0000	6
		__initialization		CODE           	07EC	0000	16

shared estimated size: 22

C:\Program Files\Microchip\xc8\v2.46\pic\sources\c99\common\sprcadd.c
		___flsub       		CODE           	0D81	0000	36
		___fladd       		CODE           	0243	0000	612

C:\Program Files\Microchip\xc8\v2.46\pic\sources\c99\common\sprcadd.c estimated size: 648

C:\Program Files\Microchip\xc8\v2.46\pic\sources\c99\common\lwmod.c
		___lwmod       		CODE           	0DCC	0000	58

C:\Program Files\Microchip\xc8\v2.46\pic\sources\c99\common\lwmod.c estimated size: 58

C:\Program Files\Microchip\xc8\v2.46\pic\sources\c99\common\flge.c
		___flge        		CODE           	0069	0000	162

C:\Program Files\Microchip\xc8\v2.46\pic\sources\c99\common\flge.c estimated size: 162

