Microchip MPLAB XC8 Compiler V2.46

Linker command line:

-W-3 \
  --edf=C:\Program Files\Microchip\xc8\v2.46\pic\dat\20240104201356_en.msgs \
  -cn -h+dist/default/production\UART_Task_slave.X.production.sym \
  --cmf=dist/default/production\UART_Task_slave.X.production.cmf -z \
  -Q16F877A -oC:\Users\DELL~1\AppData\Local\Temp\xcAsb4g.\driver_tmp_3.o \
  --defsym=__MPLAB_BUILD=1 --fixupoverflow=error \
  -Mdist/default/production/UART_Task_slave.X.production.map \
  --md=C:\Users\DELL~1\AppData\Local\Temp\xcAsb4g.\driver_tmp_0.dat -E1 \
  -ver=XC8 Compiler --acfsm=1493 -ACODE=00h-07FFhx4 -ASTRCODE=00h-01FFFh \
  -ASTRING=00h-0FFhx32 -ACONST=00h-0FFhx32 -AENTRY=00h-0FFhx32 \
  -ACOMMON=070h-07Fh -ABANK0=020h-06Fh -ABANK1=0A0h-0EFh \
  -ABANK2=0110h-016Fh -ABANK3=0190h-01EFh \
  -ARAM=020h-06Fh,0A0h-0EFh,0110h-016Fh,0190h-01EFh \
  -AABS1=020h-07Fh,0A0h-0EFh,0110h-016Fh,0190h-01EFh -ASFR0=00h-01Fh \
  -ASFR1=080h-09Fh -ASFR2=0100h-010Fh -ASFR3=0180h-018Fh \
  -ACONFIG=02007h-02007h -DCONFIG=2 -AIDLOC=02000h-02003h -DIDLOC=2 \
  -AEEDATA=00h-0FFh/02100h -peeprom_data=EEDATA -DEEDATA=2 -DCODE=2 \
  -DSTRCODE=2 -DSTRING=2 -DCONST=2 -DENTRY=2 \
  -preset_vec=00h,intentry,sivt,init,end_init -ppowerup=CODE -pcinit=CODE \
  -pfunctab=ENTRY -k \
  C:\Users\DELL~1\AppData\Local\Temp\xcAsb4g.\driver_tmp_12.o \
  dist/default/production\UART_Task_slave.X.production.o 

Object code version is 3.11

Machine type is 16F877A



                Name                               Link     Load   Length Selector   Space Scale
C:\Users\DELL~1\AppData\Local\Temp\xcAsb4g.\driver_tmp_12.o
                end_init                              0        0        3        0       0
                config                             2007     2007        1        0       4
dist/default/production\UART_Task_slave.X.production.o
                cinit                               7EC      7EC       14      FD8       0
                config                             2007     2007        1        0       4
                text5                               6BF      6BF       14      D7E       0
                text4                               6FB      6FB       17      DF6       0
                text3                               712      712       22      E24       0
                text2                               6D3      6D3       14      DA6       0
                text1                               734      734       37      E68       0
                maintext                            76B      76B       81      ED6       0
                cstackCOMMON                         70       70        7       70       1
                inittext                            6AC      6AC       13      D58       0
                dataBANK0                            20       20       14       20       1
                bssCOMMON                            77       77        2       70       1
                idataBANK0                          6E7      6E7       14      DCE       0

TOTAL           Name                               Link     Load   Length     Space
        CLASS   CODE           
                end_init                              0        0        3         0
                cinit                               7EC      7EC       14         0
                text5                               6BF      6BF       14         0
                text4                               6FB      6FB       17         0
                text3                               712      712       22         0
                text2                               6D3      6D3       14         0
                text1                               734      734       37         0
                maintext                            76B      76B       81         0
                inittext                            6AC      6AC       13         0
                idataBANK0                          6E7      6E7       14         0

        CLASS   STRCODE        

        CLASS   STRING         

        CLASS   CONST          

        CLASS   ENTRY          

        CLASS   COMMON         
                cstackCOMMON                         70       70        7         1
                bssCOMMON                            77       77        2         1

        CLASS   BANK0          
                dataBANK0                            20       20       14         1

        CLASS   BANK1          

        CLASS   BANK2          

        CLASS   BANK3          

        CLASS   RAM            

        CLASS   ABS1           
                abs_s1                               7E       7E        2         1

        CLASS   SFR0           

        CLASS   SFR1           

        CLASS   SFR2           

        CLASS   SFR3           

        CLASS   CONFIG         
                config                             2007     2007        1         4

        CLASS   IDLOC          

        CLASS   EEDATA         

        CLASS   HEAP           

        CLASS   STACK          



SEGMENTS        Name                           Load    Length   Top    Selector   Space  Class     Delta

                reset_vec                      000000  000003  000003         0       0  CODE        2
                dataBANK0                      000020  000014  000034        20       1  BANK0       1
                cstackCOMMON                   000070  000009  000079        70       1  COMMON      1
                inittext                       0006AC  000013  0006BF       D58       0  CODE        2
                text5                          0006BF  000014  0006D3       D7E       0  CODE        2
                text2                          0006D3  000014  0006E7       DA6       0  CODE        2
                idataBANK0                     0006E7  000014  0006FB       DCE       0  CODE        2
                text4                          0006FB  000017  000712       DF6       0  CODE        2
                text3                          000712  000022  000734       E24       0  CODE        2
                text1                          000734  000037  00076B       E68       0  CODE        2
                maintext                       00076B  000081  0007EC       ED6       0  CODE        2
                cinit                          0007EC  000014  000800       FD8       0  CODE        2


UNUSED ADDRESS RANGES

        Name                Unused          Largest block    Delta
        BANK0            0034-006F             3C           1
        BANK1            00A0-00EF             50           1
        BANK2            0110-016F             60           1
        BANK3            0190-01EF             60           1
        CODE             0003-06AB            6A9           2
                         0800-1FFF            800
        COMMON           0079-007D              5           1
        CONST            0003-06AB            100           2
                         0800-1FFF            100
        EEDATA           2100-21FF            100           2
        ENTRY            0003-06AB            100           2
                         0800-1FFF            100
        IDLOC            2000-2003              4           2
        RAM              0034-006F             3C           1
                         00A0-00EF             50
                         0110-016F             60
                         0190-01EF             60
        SFR0             0000-001F             20           1
        SFR1             0080-009F             20           1
        SFR2             0100-010F             10           1
        SFR3             0180-018F             10           1
        STRCODE          0003-06AB            6A9           2
                         0800-1FFF           1800
        STRING           0003-06AB            100           2
                         0800-1FFF            100

                                  Symbol Table

_OPTION_REG                   (abs)        0081
_PIR1                         (abs)        000C
_PORTC                        (abs)        0007
_PORTD                        (abs)        0008
_RCREG                        (abs)        001A
_RCSTA                        (abs)        0018
_Rx_buf                       bssCOMMON    0078
_SPBRG                        (abs)        0099
_TRISC                        (abs)        0087
_TRISD                        (abs)        0088
_TXREG                        (abs)        0019
_TXSTA                        (abs)        0098
_Tx_data                      bssCOMMON    0077
__H__absolute__               __absolute__ 0000
__Habs1                       abs1         0000
__Hbank0                      bank0        0000
__Hbank1                      bank1        0000
__Hbank2                      bank2        0000
__Hbank3                      bank3        0000
__HbssCOMMON                  bssCOMMON    0000
__Hcinit                      cinit        0800
__Hclrtext                    clrtext      0000
__Hcode                       code         0000
__Hcommon                     common       0000
__Hconfig                     config       2008
__HcstackCOMMON               cstackCOMMON 0000
__HdataBANK0                  dataBANK0    0000
__Heeprom_data                eeprom_data  0000
__Hend_init                   end_init     0003
__Hfunctab                    functab      0000
__Hheap                       heap         0000
__HidataBANK0                 idataBANK0   0000
__Hinit                       init         0000
__Hinittext                   inittext     0000
__Hintentry                   intentry     0000
__Hmaintext                   maintext     0000
__Hpowerup                    powerup      0000
__Hram                        ram          0000
__Hreset_vec                  reset_vec    0000
__Hsfr0                       sfr0         0000
__Hsfr1                       sfr1         0000
__Hsfr2                       sfr2         0000
__Hsfr3                       sfr3         0000
__Hsivt                       sivt         0000
__Hspace_0                    (abs)        0800
__Hspace_1                    (abs)        0079
__Hspace_2                    (abs)        0000
__Hspace_3                    (abs)        0000
__Hspace_4                    (abs)        400F
__Hstack                      stack        0000
__Hstrings                    strings      0000
__Htext                       text         0000
__L__absolute__               __absolute__ 0000
__Labs1                       abs1         0000
__Lbank0                      bank0        0000
__Lbank1                      bank1        0000
__Lbank2                      bank2        0000
__Lbank3                      bank3        0000
__LbssCOMMON                  bssCOMMON    0000
__Lcinit                      cinit        07EC
__Lclrtext                    clrtext      0000
__Lcode                       code         0000
__Lcommon                     common       0000
__Lconfig                     config       0000
__LcstackCOMMON               cstackCOMMON 0000
__LdataBANK0                  dataBANK0    0000
__Leeprom_data                eeprom_data  0000
__Lend_init                   end_init     0000
__Lfunctab                    functab      0000
__Lheap                       heap         0000
__LidataBANK0                 idataBANK0   0000
__Linit                       init         0000
__Linittext                   inittext     0000
__Lintentry                   intentry     0000
__Lmaintext                   maintext     0000
__Lpowerup                    powerup      0000
__Lram                        ram          0000
__Lreset_vec                  reset_vec    0000
__Lsfr0                       sfr0         0000
__Lsfr1                       sfr1         0000
__Lsfr2                       sfr2         0000
__Lsfr3                       sfr3         0000
__Lsivt                       sivt         0000
__Lspace_0                    (abs)        0000
__Lspace_1                    (abs)        0000
__Lspace_2                    (abs)        0000
__Lspace_3                    (abs)        0000
__Lspace_4                    (abs)        0000
__Lstack                      stack        0000
__Lstrings                    strings      0000
__Ltext                       text         0000
__S0                          (abs)        0800
__S1                          (abs)        0079
__S3                          (abs)        0000
___heap_hi                    (abs)        0000
___heap_lo                    (abs)        0000
___int_sp                     stack        0000
___int_stack_hi               stack        0000
___int_stack_lo               stack        0000
___latbits                    (abs)        0002
___sp                         stack        0000
___stack_hi                   stack        0000
___stack_lo                   stack        0000
___stackhi                    (abs)        0000
___stacklo                    (abs)        0000
__end_of__initialization      cinit        07FC
__end_of_init                 text5        06D3
__end_of_lcd_cmd              text4        0712
__end_of_lcd_data             text2        06E7
__end_of_lcd_init             text3        0734
__end_of_lcd_print_characters text1        076B
__end_of_main                 maintext     07EC
__initialization              cinit        07EC
__pbssCOMMON                  bssCOMMON    0077
__pcstackCOMMON               cstackCOMMON 0070
__pdataBANK0                  dataBANK0    0020
__pidataBANK0                 idataBANK0   06E7
__pmaintext                   maintext     076B
__ptext1                      text1        0734
__ptext2                      text2        06D3
__ptext3                      text3        0712
__ptext4                      text4        06FB
__ptext5                      text5        06BF
_init                         text5        06BF
_lcd_cmd                      text4        06FB
_lcd_data                     text2        06D3
_lcd_init                     text3        0712
_lcd_print_characters         text1        0734
_lcd_rx_str                   dataBANK0    002A
_lcd_tx_str                   dataBANK0    0020
_main                         maintext     076B
btemp                         (abs)        007E
end_of_initialization         cinit        07FC
init_fetch0                   inittext     06AC
init_ram0                     inittext     06B0
intlevel0                     functab      0000
intlevel1                     functab      0000
intlevel2                     functab      0000
intlevel3                     functab      0000
intlevel4                     functab      0000
intlevel5                     functab      0000
lcd_cmd@i                     cstackCOMMON 0072
lcd_data@i                    cstackCOMMON 0072
lcd_print_characters@i        cstackCOMMON 0074
lcd_print_characters@type     cstackCOMMON 0073
reset_vec                     reset_vec    0000
start                         init         0000
start_initialization          cinit        07EC
wtemp0                        (abs)        007E


MODULE INFORMATION

Module		Function		Class		Link	Load	Size
UART_Task_slave.c
		_init          		CODE           	06BF	0000	20
		_lcd_cmd       		CODE           	06FB	0000	23
		_lcd_data      		CODE           	06D3	0000	20
		_main          		CODE           	076B	0000	129
		_lcd_print_characters		CODE           	0734	0000	55
		_lcd_init      		CODE           	0712	0000	34

UART_Task_slave.c estimated size: 281

shared
		__initialization		CODE           	07EC	0000	16

shared estimated size: 16

