Microchip MPLAB XC8 Compiler V2.46

Linker command line:

-W-3 \
  --edf=C:\Program Files\Microchip\xc8\v2.46\pic\dat\20240104201356_en.msgs \
  -cn -h+dist/default/production\I2C_class.X.production.sym \
  --cmf=dist/default/production\I2C_class.X.production.cmf -z -Q16F877A \
  -oC:\Users\DELL~1\AppData\Local\Temp\xcAs330.\driver_tmp_3.o \
  --defsym=__MPLAB_BUILD=1 --fixupoverflow=error \
  -Mdist/default/production/I2C_class.X.production.map \
  --md=C:\Users\DELL~1\AppData\Local\Temp\xcAs330.\driver_tmp_0.dat -E1 \
  -ver=XC8 Compiler --acfsm=1493 -ACODE=00h-07FFhx4 -ASTRCODE=00h-01FFFh \
  -ASTRING=00h-0FFhx32 -ACONST=00h-0FFhx32 -AENTRY=00h-0FFhx32 \
  -ACOMMON=070h-07Fh -ABANK0=020h-06Fh -ABANK1=0A0h-0EFh \
  -ABANK2=0110h-016Fh -ABANK3=0190h-01EFh \
  -ARAM=020h-06Fh,0A0h-0EFh,0110h-016Fh,0190h-01EFh \
  -AABS1=020h-07Fh,0A0h-0EFh,0110h-016Fh,0190h-01EFh -ASFR0=00h-01Fh \
  -ASFR1=080h-09Fh -ASFR2=0100h-010Fh -ASFR3=0180h-018Fh \
  -ACONFIG=02007h-02007h -DCONFIG=2 -AIDLOC=02000h-02003h -DIDLOC=2 \
  -AEEDATA=00h-0FFh/02100h -peeprom_data=EEDATA -DEEDATA=2 -DCODE=2 \
  -DSTRCODE=2 -DSTRING=2 -DCONST=2 -DENTRY=2 \
  -preset_vec=00h,intentry,sivt,init,end_init -ppowerup=CODE -pcinit=CODE \
  -pfunctab=ENTRY -k \
  C:\Users\DELL~1\AppData\Local\Temp\xcAs330.\driver_tmp_12.o \
  dist/default/production\I2C_class.X.production.o 

Object code version is 3.11

Machine type is 16F877A



                Name                               Link     Load   Length Selector   Space Scale
C:\Users\DELL~1\AppData\Local\Temp\xcAs330.\driver_tmp_12.o
                end_init                              0        0        3        0       0
                config                             2007     2007        1        0       4
dist/default/production\I2C_class.X.production.o
                cinit                               7FC      7FC        4      FF8       0
                config                             2007     2007        1        0       4
                text11                              5FF      5FF        D      BFE       0
                text10                              5D8      5D8        9      BB0       0
                text9                               5E1      5E1        9      BC2       0
                text8                               5EA      5EA        9      BD4       0
                text7                               60C      60C       15      C18       0
                text6                               5F3      5F3        C      BE6       0
                text5                               621      621       17      C42       0
                text4                               69E      69E       3F      D3C       0
                text3                               638      638       2E      C70       0
                text2                               6DD      6DD       66      DBA       0
                text1                               666      666       38      CCC       0
                maintext                            743      743       B9      E86       0
                cstackBANK0                          20       20        E       20       1
                cstackCOMMON                         70       70        E       70       1

TOTAL           Name                               Link     Load   Length     Space
        CLASS   CODE           
                end_init                              0        0        3         0
                cinit                               7FC      7FC        4         0
                text11                              5FF      5FF        D         0
                text10                              5D8      5D8        9         0
                text9                               5E1      5E1        9         0
                text8                               5EA      5EA        9         0
                text7                               60C      60C       15         0
                text6                               5F3      5F3        C         0
                text5                               621      621       17         0
                text4                               69E      69E       3F         0
                text3                               638      638       2E         0
                text2                               6DD      6DD       66         0
                text1                               666      666       38         0
                maintext                            743      743       B9         0

        CLASS   STRCODE        

        CLASS   STRING         

        CLASS   CONST          

        CLASS   ENTRY          

        CLASS   COMMON         
                cstackCOMMON                         70       70        E         1

        CLASS   BANK0          
                cstackBANK0                          20       20        E         1

        CLASS   BANK1          

        CLASS   BANK2          

        CLASS   BANK3          

        CLASS   RAM            

        CLASS   ABS1           
                abs_s1                               7E       7E        2         1

        CLASS   SFR0           

        CLASS   SFR1           

        CLASS   SFR2           

        CLASS   SFR3           

        CLASS   CONFIG         
                config                             2007     2007        1         4

        CLASS   IDLOC          

        CLASS   EEDATA         

        CLASS   HEAP           

        CLASS   STACK          



SEGMENTS        Name                           Load    Length   Top    Selector   Space  Class     Delta

                reset_vec                      000000  000003  000003         0       0  CODE        2
                cstackBANK0                    000020  00000E  00002E        20       1  BANK0       1
                cstackCOMMON                   000070  00000E  00007E        70       1  COMMON      1
                text10                         0005D8  000009  0005E1       BB0       0  CODE        2
                text9                          0005E1  000009  0005EA       BC2       0  CODE        2
                text8                          0005EA  000009  0005F3       BD4       0  CODE        2
                text6                          0005F3  00000C  0005FF       BE6       0  CODE        2
                text11                         0005FF  00000D  00060C       BFE       0  CODE        2
                text7                          00060C  000015  000621       C18       0  CODE        2
                text5                          000621  000017  000638       C42       0  CODE        2
                text3                          000638  00002E  000666       C70       0  CODE        2
                text1                          000666  000038  00069E       CCC       0  CODE        2
                text4                          00069E  00003F  0006DD       D3C       0  CODE        2
                text2                          0006DD  000066  000743       DBA       0  CODE        2
                maintext                       000743  0000B9  0007FC       E86       0  CODE        2
                cinit                          0007FC  000004  000800       FF8       0  CODE        2


UNUSED ADDRESS RANGES

        Name                Unused          Largest block    Delta
        BANK0            002E-006F             42           1
        BANK1            00A0-00EF             50           1
        BANK2            0110-016F             60           1
        BANK3            0190-01EF             60           1
        CODE             0003-05D7            5D5           2
                         0800-1FFF            800
        CONST            0003-05D7            100           2
                         0800-1FFF            100
        EEDATA           2100-21FF            100           2
        ENTRY            0003-05D7            100           2
                         0800-1FFF            100
        IDLOC            2000-2003              4           2
        RAM              002E-006F             42           1
                         00A0-00EF             50
                         0110-016F             60
                         0190-01EF             60
        SFR0             0000-001F             20           1
        SFR1             0080-009F             20           1
        SFR2             0100-010F             10           1
        SFR3             0180-018F             10           1
        STRCODE          0003-05D7            5D5           2
                         0800-1FFF           1800
        STRING           0003-05D7            100           2
                         0800-1FFF            100

                                  Symbol Table

?___lldiv                         cstackCOMMON 0070
EEPROM_Read@Data                  cstackCOMMON 0073
EEPROM_Read@add                   cstackCOMMON 0071
EEPROM_Write@add                  cstackCOMMON 0071
EEPROM_Write@data                 cstackCOMMON 0073
I2C_Master_Init@baud              cstackBANK0  0020
I2C_Master_Write@data             cstackCOMMON 0070
_ACKDT                            (abs)        048D
_ACKEN                            (abs)        048C
_ACKSTAT                          (abs)        048E
_EEPROM_Read                      text4        069E
_EEPROM_Write                     text3        0638
_I2C_Master_Init                  text1        0666
_I2C_Master_RepeatedStart         text10       05D8
_I2C_Master_Start                 text9        05E1
_I2C_Master_Stop                  text8        05EA
_I2C_Master_Wait                  text11       05FF
_I2C_Master_Write                 text7        060C
_I2C_NACK                         text6        05F3
_I2C_Read_Byte                    text5        0621
_PEN                              (abs)        048A
_PORTD                            (abs)        0008
_RCEN                             (abs)        048B
_RSEN                             (abs)        0489
_SEN                              (abs)        0488
_SSPADD                           (abs)        0093
_SSPBUF                           (abs)        0013
_SSPCON                           (abs)        0014
_SSPCON2                          (abs)        0091
_SSPIF                            (abs)        0063
_SSPSTAT                          (abs)        0094
_TRISC3                           (abs)        043B
_TRISC4                           (abs)        043C
_TRISD                            (abs)        0088
__H__absolute__                   __absolute__ 0000
__Habs1                           abs1         0000
__Hbank0                          bank0        0000
__Hbank1                          bank1        0000
__Hbank2                          bank2        0000
__Hbank3                          bank3        0000
__Hcinit                          cinit        0800
__Hclrtext                        clrtext      0000
__Hcode                           code         0000
__Hcommon                         common       0000
__Hconfig                         config       2008
__HcstackBANK0                    cstackBANK0  0000
__HcstackCOMMON                   cstackCOMMON 0000
__Heeprom_data                    eeprom_data  0000
__Hend_init                       end_init     0003
__Hfunctab                        functab      0000
__Hheap                           heap         0000
__Hinit                           init         0000
__Hintentry                       intentry     0000
__Hmaintext                       maintext     0000
__Hpowerup                        powerup      0000
__Hram                            ram          0000
__Hreset_vec                      reset_vec    0000
__Hsfr0                           sfr0         0000
__Hsfr1                           sfr1         0000
__Hsfr2                           sfr2         0000
__Hsfr3                           sfr3         0000
__Hsivt                           sivt         0000
__Hspace_0                        (abs)        0800
__Hspace_1                        (abs)        007E
__Hspace_2                        (abs)        0000
__Hspace_3                        (abs)        0000
__Hspace_4                        (abs)        400F
__Hstack                          stack        0000
__Hstrings                        strings      0000
__Htext                           text         0000
__L__absolute__                   __absolute__ 0000
__Labs1                           abs1         0000
__Lbank0                          bank0        0000
__Lbank1                          bank1        0000
__Lbank2                          bank2        0000
__Lbank3                          bank3        0000
__Lcinit                          cinit        07FC
__Lclrtext                        clrtext      0000
__Lcode                           code         0000
__Lcommon                         common       0000
__Lconfig                         config       0000
__LcstackBANK0                    cstackBANK0  0000
__LcstackCOMMON                   cstackCOMMON 0000
__Leeprom_data                    eeprom_data  0000
__Lend_init                       end_init     0000
__Lfunctab                        functab      0000
__Lheap                           heap         0000
__Linit                           init         0000
__Lintentry                       intentry     0000
__Lmaintext                       maintext     0000
__Lpowerup                        powerup      0000
__Lram                            ram          0000
__Lreset_vec                      reset_vec    0000
__Lsfr0                           sfr0         0000
__Lsfr1                           sfr1         0000
__Lsfr2                           sfr2         0000
__Lsfr3                           sfr3         0000
__Lsivt                           sivt         0000
__Lspace_0                        (abs)        0000
__Lspace_1                        (abs)        0000
__Lspace_2                        (abs)        0000
__Lspace_3                        (abs)        0000
__Lspace_4                        (abs)        0000
__Lstack                          stack        0000
__Lstrings                        strings      0000
__Ltext                           text         0000
__S0                              (abs)        0800
__S1                              (abs)        007E
__S3                              (abs)        0000
___heap_hi                        (abs)        0000
___heap_lo                        (abs)        0000
___int_sp                         stack        0000
___int_stack_hi                   stack        0000
___int_stack_lo                   stack        0000
___latbits                        (abs)        0002
___lldiv                          text2        06DD
___lldiv@counter                  cstackCOMMON 007D
___lldiv@dividend                 cstackCOMMON 0074
___lldiv@divisor                  cstackCOMMON 0070
___lldiv@quotient                 cstackCOMMON 0079
___sp                             stack        0000
___stack_hi                       stack        0000
___stack_lo                       stack        0000
___stackhi                        (abs)        0000
___stacklo                        (abs)        0000
__end_of_EEPROM_Read              text4        06DD
__end_of_EEPROM_Write             text3        0666
__end_of_I2C_Master_Init          text1        069E
__end_of_I2C_Master_RepeatedStart text10       05E1
__end_of_I2C_Master_Start         text9        05EA
__end_of_I2C_Master_Stop          text8        05F3
__end_of_I2C_Master_Wait          text11       060C
__end_of_I2C_Master_Write         text7        0621
__end_of_I2C_NACK                 text6        05FF
__end_of_I2C_Read_Byte            text5        0638
__end_of___lldiv                  text2        0743
__end_of__initialization          cinit        07FC
__end_of_main                     maintext     07FC
__initialization                  cinit        07FC
__pcstackBANK0                    cstackBANK0  0020
__pcstackCOMMON                   cstackCOMMON 0070
__pmaintext                       maintext     0743
__ptext1                          text1        0666
__ptext10                         text10       05D8
__ptext11                         text11       05FF
__ptext2                          text2        06DD
__ptext3                          text3        0638
__ptext4                          text4        069E
__ptext5                          text5        0621
__ptext6                          text6        05F3
__ptext7                          text7        060C
__ptext8                          text8        05EA
__ptext9                          text9        05E1
_main                             maintext     0743
btemp                             (abs)        007E
end_of_initialization             cinit        07FC
intlevel0                         functab      0000
intlevel1                         functab      0000
intlevel2                         functab      0000
intlevel3                         functab      0000
intlevel4                         functab      0000
intlevel5                         functab      0000
main@Address                      cstackBANK0  002C
main@Data                         cstackBANK0  002B
reset_vec                         reset_vec    0000
start                             init         0000
start_initialization              cinit        07FC
wtemp0                            (abs)        007E


MODULE INFORMATION

Module		Function		Class		Link	Load	Size
shared
		__initialization		CODE           	07FC	0000	1

shared estimated size: 1

C:\Program Files\Microchip\xc8\v2.46\pic\sources\c99\common\__lldiv.c
		___lldiv       		CODE           	06DD	0000	102

C:\Program Files\Microchip\xc8\v2.46\pic\sources\c99\common\__lldiv.c estimated size: 102

I2C_EEPROM.c
		_EEPROM_Read   		CODE           	069E	0000	63
		_I2C_Master_Wait		CODE           	05FF	0000	13
		_EEPROM_Write  		CODE           	0638	0000	46
		_I2C_Master_Init		CODE           	0666	0000	56
		_I2C_Master_Stop		CODE           	05EA	0000	9
		_I2C_Master_RepeatedStart		CODE           	05D8	0000	9
		_I2C_Read_Byte 		CODE           	0621	0000	23
		_I2C_Master_Write		CODE           	060C	0000	21
		_I2C_NACK      		CODE           	05F3	0000	12
		_I2C_Master_Start		CODE           	05E1	0000	9

I2C_EEPROM.c estimated size: 261

main.c
		_main          		CODE           	0743	0000	185

main.c estimated size: 185

