Microchip MPLAB XC8 Compiler V2.46

Linker command line:

-W-3 \
  --edf=C:\Program Files\Microchip\xc8\v2.46\pic\dat\20240104201356_en.msgs \
  -cn -h+dist/default/production\ADC_task.X.production.sym \
  --cmf=dist/default/production\ADC_task.X.production.cmf -z -Q16F877A \
  -oC:\Users\DELL~1\AppData\Local\Temp\xcAsheo.\driver_tmp_3.o \
  --defsym=__MPLAB_BUILD=1 --fixupoverflow=error \
  -Mdist/default/production/ADC_task.X.production.map \
  --md=C:\Users\DELL~1\AppData\Local\Temp\xcAsheo.\driver_tmp_0.dat -E1 \
  -ver=XC8 Compiler --acfsm=1493 -ACODE=00h-07FFhx4 -ASTRCODE=00h-01FFFh \
  -ASTRING=00h-0FFhx32 -ACONST=00h-0FFhx32 -AENTRY=00h-0FFhx32 \
  -ACOMMON=070h-07Fh -ABANK0=020h-06Fh -ABANK1=0A0h-0EFh \
  -ABANK2=0110h-016Fh -ABANK3=0190h-01EFh \
  -ARAM=020h-06Fh,0A0h-0EFh,0110h-016Fh,0190h-01EFh \
  -AABS1=020h-07Fh,0A0h-0EFh,0110h-016Fh,0190h-01EFh -ASFR0=00h-01Fh \
  -ASFR1=080h-09Fh -ASFR2=0100h-010Fh -ASFR3=0180h-018Fh \
  -ACONFIG=02007h-02007h -DCONFIG=2 -AIDLOC=02000h-02003h -DIDLOC=2 \
  -AEEDATA=00h-0FFh/02100h -peeprom_data=EEDATA -DEEDATA=2 -DCODE=2 \
  -DSTRCODE=2 -DSTRING=2 -DCONST=2 -DENTRY=2 \
  -preset_vec=00h,intentry,sivt,init,end_init -ppowerup=CODE -pcinit=CODE \
  -pfunctab=ENTRY -k \
  C:\Users\DELL~1\AppData\Local\Temp\xcAsheo.\driver_tmp_12.o \
  dist/default/production\ADC_task.X.production.o 

Object code version is 3.11

Machine type is 16F877A



                Name                               Link     Load   Length Selector   Space Scale
C:\Users\DELL~1\AppData\Local\Temp\xcAsheo.\driver_tmp_12.o
                end_init                              0        0        3        0       0
                config                             2007     2007        1        0       4
dist/default/production\ADC_task.X.production.o
                cinit                               7E7      7E7       19      FCE       0
                config                             2007     2007        1        0       4
                text8                               627      627       68      C4E       0
                text7                               58C      58C       46      B18       0
                text6                               4F7      4F7       17      9EE       0
                text5                               68F      68F       71      D1E       0
                text4                               548      548       44      A90       0
                text3                               50E      50E       3A      A1C       0
                text2                               4CF      4CF       14      99E       0
                text1                               5D2      5D2       55      BA4       0
                maintext                            700      700       E7      E00       0
                cstackBANK0                          34       34       11       20       1
                cstackCOMMON                         70       70        E       70       1
                inittext                            4BC      4BC       13      978       0
                dataBANK0                            20       20       14       20       1
                bssBANK0                             45       45        7       20       1
                idataBANK0                          4E3      4E3       14      9C6       0

TOTAL           Name                               Link     Load   Length     Space
        CLASS   CODE           
                end_init                              0        0        3         0
                cinit                               7E7      7E7       19         0
                text8                               627      627       68         0
                text7                               58C      58C       46         0
                text6                               4F7      4F7       17         0
                text5                               68F      68F       71         0
                text4                               548      548       44         0
                text3                               50E      50E       3A         0
                text2                               4CF      4CF       14         0
                text1                               5D2      5D2       55         0
                maintext                            700      700       E7         0
                inittext                            4BC      4BC       13         0
                idataBANK0                          4E3      4E3       14         0

        CLASS   STRCODE        

        CLASS   STRING         

        CLASS   CONST          

        CLASS   ENTRY          

        CLASS   COMMON         
                cstackCOMMON                         70       70        E         1

        CLASS   BANK0          
                cstackBANK0                          34       34       11         1
                dataBANK0                            20       20       14         1
                bssBANK0                             45       45        7         1

        CLASS   BANK1          

        CLASS   BANK2          

        CLASS   BANK3          

        CLASS   RAM            

        CLASS   ABS1           
                abs_s1                               7E       7E        2         1

        CLASS   SFR0           

        CLASS   SFR1           

        CLASS   SFR2           

        CLASS   SFR3           

        CLASS   CONFIG         
                config                             2007     2007        1         4

        CLASS   IDLOC          

        CLASS   EEDATA         

        CLASS   HEAP           

        CLASS   STACK          



SEGMENTS        Name                           Load    Length   Top    Selector   Space  Class     Delta

                reset_vec                      000000  000003  000003         0       0  CODE        2
                dataBANK0                      000020  00002C  00004C        20       1  BANK0       1
                cstackCOMMON                   000070  00000E  00007E        70       1  COMMON      1
                inittext                       0004BC  000013  0004CF       978       0  CODE        2
                text2                          0004CF  000014  0004E3       99E       0  CODE        2
                idataBANK0                     0004E3  000014  0004F7       9C6       0  CODE        2
                text6                          0004F7  000017  00050E       9EE       0  CODE        2
                text3                          00050E  00003A  000548       A1C       0  CODE        2
                text4                          000548  000044  00058C       A90       0  CODE        2
                text7                          00058C  000046  0005D2       B18       0  CODE        2
                text1                          0005D2  000055  000627       BA4       0  CODE        2
                text8                          000627  000068  00068F       C4E       0  CODE        2
                text5                          00068F  000071  000700       D1E       0  CODE        2
                maintext                       000700  0000E7  0007E7       E00       0  CODE        2
                cinit                          0007E7  000019  000800       FCE       0  CODE        2


UNUSED ADDRESS RANGES

        Name                Unused          Largest block    Delta
        BANK0            004C-006F             24           1
        BANK1            00A0-00EF             50           1
        BANK2            0110-016F             60           1
        BANK3            0190-01EF             60           1
        CODE             0003-04BB            4B9           2
                         0800-1FFF            800
        CONST            0003-04BB            100           2
                         0800-1FFF            100
        EEDATA           2100-21FF            100           2
        ENTRY            0003-04BB            100           2
                         0800-1FFF            100
        IDLOC            2000-2003              4           2
        RAM              004C-006F             24           1
                         00A0-00EF             50
                         0110-016F             60
                         0190-01EF             60
        SFR0             0000-001F             20           1
        SFR1             0080-009F             20           1
        SFR2             0100-010F             10           1
        SFR3             0180-018F             10           1
        STRCODE          0003-04BB            4B9           2
                         0800-1FFF           1800
        STRING           0003-04BB            100           2
                         0800-1FFF            100

                                  Symbol Table

?___lldiv                cstackBANK0  0034
?___lmul                 cstackCOMMON 0070
?___lwdiv                cstackCOMMON 0070
?___lwmod                cstackCOMMON 0070
_ADCON0                  (abs)        001F
_ADCON1                  (abs)        009F
_ADRESH                  (abs)        001E
_ADRESL                  (abs)        009E
_PORTC                   (abs)        0007
_PORTD                   (abs)        0008
_TRISA                   (abs)        0085
_TRISC                   (abs)        0087
_TRISD                   (abs)        0088
__H__absolute__          __absolute__ 0000
__Habs1                  abs1         0000
__Hbank0                 bank0        0000
__Hbank1                 bank1        0000
__Hbank2                 bank2        0000
__Hbank3                 bank3        0000
__HbssBANK0              bssBANK0     0000
__Hcinit                 cinit        0800
__Hclrtext               clrtext      0000
__Hcode                  code         0000
__Hcommon                common       0000
__Hconfig                config       2008
__HcstackBANK0           cstackBANK0  0000
__HcstackCOMMON          cstackCOMMON 0000
__HdataBANK0             dataBANK0    0000
__Heeprom_data           eeprom_data  0000
__Hend_init              end_init     0003
__Hfunctab               functab      0000
__Hheap                  heap         0000
__HidataBANK0            idataBANK0   0000
__Hinit                  init         0000
__Hinittext              inittext     0000
__Hintentry              intentry     0000
__Hmaintext              maintext     0000
__Hpowerup               powerup      0000
__Hram                   ram          0000
__Hreset_vec             reset_vec    0000
__Hsfr0                  sfr0         0000
__Hsfr1                  sfr1         0000
__Hsfr2                  sfr2         0000
__Hsfr3                  sfr3         0000
__Hsivt                  sivt         0000
__Hspace_0               (abs)        0800
__Hspace_1               (abs)        007E
__Hspace_2               (abs)        0000
__Hspace_3               (abs)        0000
__Hspace_4               (abs)        400F
__Hstack                 stack        0000
__Hstrings               strings      0000
__Htext                  text         0000
__L__absolute__          __absolute__ 0000
__Labs1                  abs1         0000
__Lbank0                 bank0        0000
__Lbank1                 bank1        0000
__Lbank2                 bank2        0000
__Lbank3                 bank3        0000
__LbssBANK0              bssBANK0     0000
__Lcinit                 cinit        07E7
__Lclrtext               clrtext      0000
__Lcode                  code         0000
__Lcommon                common       0000
__Lconfig                config       0000
__LcstackBANK0           cstackBANK0  0000
__LcstackCOMMON          cstackCOMMON 0000
__LdataBANK0             dataBANK0    0000
__Leeprom_data           eeprom_data  0000
__Lend_init              end_init     0000
__Lfunctab               functab      0000
__Lheap                  heap         0000
__LidataBANK0            idataBANK0   0000
__Linit                  init         0000
__Linittext              inittext     0000
__Lintentry              intentry     0000
__Lmaintext              maintext     0000
__Lpowerup               powerup      0000
__Lram                   ram          0000
__Lreset_vec             reset_vec    0000
__Lsfr0                  sfr0         0000
__Lsfr1                  sfr1         0000
__Lsfr2                  sfr2         0000
__Lsfr3                  sfr3         0000
__Lsivt                  sivt         0000
__Lspace_0               (abs)        0000
__Lspace_1               (abs)        0000
__Lspace_2               (abs)        0000
__Lspace_3               (abs)        0000
__Lspace_4               (abs)        0000
__Lstack                 stack        0000
__Lstrings               strings      0000
__Ltext                  text         0000
__S0                     (abs)        0800
__S1                     (abs)        007E
__S3                     (abs)        0000
___heap_hi               (abs)        0000
___heap_lo               (abs)        0000
___int_sp                stack        0000
___int_stack_hi          stack        0000
___int_stack_lo          stack        0000
___latbits               (abs)        0002
___lldiv                 text8        0627
___lldiv@counter         cstackBANK0  0040
___lldiv@dividend        cstackBANK0  0038
___lldiv@divisor         cstackBANK0  0034
___lldiv@quotient        cstackBANK0  003C
___lmul                  text7        058C
___lmul@multiplicand     cstackCOMMON 0074
___lmul@multiplier       cstackCOMMON 0070
___lmul@product          cstackCOMMON 0079
___lwdiv                 text4        0548
___lwdiv@counter         cstackCOMMON 0076
___lwdiv@dividend        cstackCOMMON 0072
___lwdiv@divisor         cstackCOMMON 0070
___lwdiv@quotient        cstackCOMMON 0074
___lwmod                 text3        050E
___lwmod@counter         cstackCOMMON 0074
___lwmod@dividend        cstackCOMMON 0072
___lwmod@divisor         cstackCOMMON 0070
___sp                    stack        0000
___stack_hi              stack        0000
___stack_lo              stack        0000
___stackhi               (abs)        0000
___stacklo               (abs)        0000
__end_of___lldiv         text8        068F
__end_of___lmul          text7        05D2
__end_of___lwdiv         text4        058C
__end_of___lwmod         text3        0548
__end_of__initialization cinit        07FC
__end_of_init            text5        0700
__end_of_lcd_com         text6        050E
__end_of_lcd_data        text2        04E3
__end_of_lcd_output      text1        0627
__end_of_main            maintext     07E7
__initialization         cinit        07E7
__pbssBANK0              bssBANK0     0045
__pcstackBANK0           cstackBANK0  0034
__pcstackCOMMON          cstackCOMMON 0070
__pdataBANK0             dataBANK0    0020
__pidataBANK0            idataBANK0   04E3
__pmaintext              maintext     0700
__ptext1                 text1        05D2
__ptext2                 text2        04CF
__ptext3                 text3        050E
__ptext4                 text4        0548
__ptext5                 text5        068F
__ptext6                 text6        04F7
__ptext7                 text7        058C
__ptext8                 text8        0627
_adc_high                bssBANK0     0047
_adc_low                 bssBANK0     0049
_init                    text5        068F
_lcd_com                 text6        04F7
_lcd_data                text2        04CF
_lcd_output              text1        05D2
_main                    maintext     0700
_msg_1                   dataBANK0    002A
_msg_2                   dataBANK0    0020
_result                  bssBANK0     0045
_volt                    bssBANK0     004B
btemp                    (abs)        007E
end_of_initialization    cinit        07FC
init_fetch0              inittext     04BC
init_ram0                inittext     04C0
intlevel0                functab      0000
intlevel1                functab      0000
intlevel2                functab      0000
intlevel3                functab      0000
intlevel4                functab      0000
intlevel5                functab      0000
lcd_com@i                cstackCOMMON 0072
lcd_data@i               cstackCOMMON 0072
lcd_output@i             cstackCOMMON 0077
lcd_output@j             cstackBANK0  0039
lcd_output@k             cstackBANK0  0034
main@i                   cstackBANK0  0043
reset_vec                reset_vec    0000
start                    init         0000
start_initialization     cinit        07E7
wtemp0                   (abs)        007E


MODULE INFORMATION

Module		Function		Class		Link	Load	Size
C:\Program Files\Microchip\xc8\v2.46\pic\sources\c99\common\lwdiv.c
		___lwdiv       		CODE           	0548	0000	68

C:\Program Files\Microchip\xc8\v2.46\pic\sources\c99\common\lwdiv.c estimated size: 68

shared
		__initialization		CODE           	07E7	0000	21

shared estimated size: 21

C:\Program Files\Microchip\xc8\v2.46\pic\sources\c99\common\__lldiv.c
		___lldiv       		CODE           	0627	0000	104

C:\Program Files\Microchip\xc8\v2.46\pic\sources\c99\common\__lldiv.c estimated size: 104

C:\Program Files\Microchip\xc8\v2.46\pic\sources\c99\common\lwmod.c
		___lwmod       		CODE           	050E	0000	58

C:\Program Files\Microchip\xc8\v2.46\pic\sources\c99\common\lwmod.c estimated size: 58

ADCtask.c
		_lcd_com       		CODE           	04F7	0000	23
		_init          		CODE           	068F	0000	113
		_lcd_data      		CODE           	04CF	0000	20
		_main          		CODE           	0700	0000	231
		_lcd_output    		CODE           	05D2	0000	85

ADCtask.c estimated size: 472

C:\Program Files\Microchip\xc8\v2.46\pic\sources\c99\common\Umul32.c
		___lmul        		CODE           	058C	0000	70

C:\Program Files\Microchip\xc8\v2.46\pic\sources\c99\common\Umul32.c estimated size: 70

