Microchip MPLAB XC8 Compiler V2.46

Linker command line:

-W-3 \
  --edf=C:\Program Files\Microchip\xc8\v2.46\pic\dat\20240104201356_en.msgs \
  -cn -h+dist/default/production\ADC_class.X.production.sym \
  --cmf=dist/default/production\ADC_class.X.production.cmf -z -Q16F877A \
  -oC:\Users\DELL~1\AppData\Local\Temp\xcAsb1g.\driver_tmp_3.o \
  --defsym=__MPLAB_BUILD=1 --fixupoverflow=error \
  -Mdist/default/production/ADC_class.X.production.map \
  --md=C:\Users\DELL~1\AppData\Local\Temp\xcAsb1g.\driver_tmp_0.dat -E1 \
  -ver=XC8 Compiler --acfsm=1493 -ACODE=00h-07FFhx4 -ASTRCODE=00h-01FFFh \
  -ASTRING=00h-0FFhx32 -ACONST=00h-0FFhx32 -AENTRY=00h-0FFhx32 \
  -ACOMMON=070h-07Fh -ABANK0=020h-06Fh -ABANK1=0A0h-0EFh \
  -ABANK2=0110h-016Fh -ABANK3=0190h-01EFh \
  -ARAM=020h-06Fh,0A0h-0EFh,0110h-016Fh,0190h-01EFh \
  -AABS1=020h-07Fh,0A0h-0EFh,0110h-016Fh,0190h-01EFh -ASFR0=00h-01Fh \
  -ASFR1=080h-09Fh -ASFR2=0100h-010Fh -ASFR3=0180h-018Fh \
  -ACONFIG=02007h-02007h -DCONFIG=2 -AIDLOC=02000h-02003h -DIDLOC=2 \
  -AEEDATA=00h-0FFh/02100h -peeprom_data=EEDATA -DEEDATA=2 -DCODE=2 \
  -DSTRCODE=2 -DSTRING=2 -DCONST=2 -DENTRY=2 \
  -preset_vec=00h,intentry,sivt,init,end_init -ppowerup=CODE -pcinit=CODE \
  -pfunctab=ENTRY -k \
  C:\Users\DELL~1\AppData\Local\Temp\xcAsb1g.\driver_tmp_12.o \
  dist/default/production\ADC_class.X.production.o 

Object code version is 3.11

Machine type is 16F877A



                Name                               Link     Load   Length Selector   Space Scale
C:\Users\DELL~1\AppData\Local\Temp\xcAsb1g.\driver_tmp_12.o
                end_init                              0        0        3        0       0
                config                             2007     2007        1        0       4
dist/default/production\ADC_class.X.production.o
                cinit                               7E7      7E7       19      FCE       0
                config                             2007     2007        1        0       4
                text7                               597      597       25      B2E       0
                text6                               580      580       17      B00       0
                text5                               69F      69F       71      D3E       0
                text4                               5F6      5F6       44      BEC       0
                text3                               5BC      5BC       3A      B78       0
                text2                               558      558       14      AB0       0
                text1                               63A      63A       65      C74       0
                maintext                            710      710       D7      E20       0
                cstackBANK0                          34       34        F       20       1
                cstackCOMMON                         70       70        D       70       1
                inittext                            545      545       13      A8A       0
                dataBANK0                            20       20       14       20       1
                bssBANK0                             43       43        7       20       1
                idataBANK0                          56C      56C       14      AD8       0

TOTAL           Name                               Link     Load   Length     Space
        CLASS   CODE           
                end_init                              0        0        3         0
                cinit                               7E7      7E7       19         0
                text7                               597      597       25         0
                text6                               580      580       17         0
                text5                               69F      69F       71         0
                text4                               5F6      5F6       44         0
                text3                               5BC      5BC       3A         0
                text2                               558      558       14         0
                text1                               63A      63A       65         0
                maintext                            710      710       D7         0
                inittext                            545      545       13         0
                idataBANK0                          56C      56C       14         0

        CLASS   STRCODE        

        CLASS   STRING         

        CLASS   CONST          

        CLASS   ENTRY          

        CLASS   COMMON         
                cstackCOMMON                         70       70        D         1

        CLASS   BANK0          
                cstackBANK0                          34       34        F         1
                dataBANK0                            20       20       14         1
                bssBANK0                             43       43        7         1

        CLASS   BANK1          

        CLASS   BANK2          

        CLASS   BANK3          

        CLASS   RAM            

        CLASS   ABS1           
                abs_s1                               7E       7E        2         1

        CLASS   SFR0           

        CLASS   SFR1           

        CLASS   SFR2           

        CLASS   SFR3           

        CLASS   CONFIG         
                config                             2007     2007        1         4

        CLASS   IDLOC          

        CLASS   EEDATA         

        CLASS   HEAP           

        CLASS   STACK          



SEGMENTS        Name                           Load    Length   Top    Selector   Space  Class     Delta

                reset_vec                      000000  000003  000003         0       0  CODE        2
                dataBANK0                      000020  00002A  00004A        20       1  BANK0       1
                cstackCOMMON                   000070  00000D  00007D        70       1  COMMON      1
                inittext                       000545  000013  000558       A8A       0  CODE        2
                text2                          000558  000014  00056C       AB0       0  CODE        2
                idataBANK0                     00056C  000014  000580       AD8       0  CODE        2
                text6                          000580  000017  000597       B00       0  CODE        2
                text7                          000597  000025  0005BC       B2E       0  CODE        2
                text3                          0005BC  00003A  0005F6       B78       0  CODE        2
                text4                          0005F6  000044  00063A       BEC       0  CODE        2
                text1                          00063A  000065  00069F       C74       0  CODE        2
                text5                          00069F  000071  000710       D3E       0  CODE        2
                maintext                       000710  0000D7  0007E7       E20       0  CODE        2
                cinit                          0007E7  000019  000800       FCE       0  CODE        2


UNUSED ADDRESS RANGES

        Name                Unused          Largest block    Delta
        BANK0            004A-006F             26           1
        BANK1            00A0-00EF             50           1
        BANK2            0110-016F             60           1
        BANK3            0190-01EF             60           1
        CODE             0003-0544            542           2
                         0800-1FFF            800
        COMMON           007D-007D              1           1
        CONST            0003-0544            100           2
                         0800-1FFF            100
        EEDATA           2100-21FF            100           2
        ENTRY            0003-0544            100           2
                         0800-1FFF            100
        IDLOC            2000-2003              4           2
        RAM              004A-006F             26           1
                         00A0-00EF             50
                         0110-016F             60
                         0190-01EF             60
        SFR0             0000-001F             20           1
        SFR1             0080-009F             20           1
        SFR2             0100-010F             10           1
        SFR3             0180-018F             10           1
        STRCODE          0003-0544            542           2
                         0800-1FFF           1800
        STRING           0003-0544            100           2
                         0800-1FFF            100

                                  Symbol Table

?___lwdiv                cstackCOMMON 0076
?___lwmod                cstackCOMMON 0070
?___wmul                 cstackCOMMON 0070
_ADCON0                  (abs)        001F
_ADCON1                  (abs)        009F
_ADRESH                  (abs)        001E
_ADRESL                  (abs)        009E
_PORTC                   (abs)        0007
_PORTD                   (abs)        0008
_TRISA                   (abs)        0085
_TRISC                   (abs)        0087
_TRISD                   (abs)        0088
__H__absolute__          __absolute__ 0000
__Habs1                  abs1         0000
__Hbank0                 bank0        0000
__Hbank1                 bank1        0000
__Hbank2                 bank2        0000
__Hbank3                 bank3        0000
__HbssBANK0              bssBANK0     0000
__Hcinit                 cinit        0800
__Hclrtext               clrtext      0000
__Hcode                  code         0000
__Hcommon                common       0000
__Hconfig                config       2008
__HcstackBANK0           cstackBANK0  0000
__HcstackCOMMON          cstackCOMMON 0000
__HdataBANK0             dataBANK0    0000
__Heeprom_data           eeprom_data  0000
__Hend_init              end_init     0003
__Hfunctab               functab      0000
__Hheap                  heap         0000
__HidataBANK0            idataBANK0   0000
__Hinit                  init         0000
__Hinittext              inittext     0000
__Hintentry              intentry     0000
__Hmaintext              maintext     0000
__Hpowerup               powerup      0000
__Hram                   ram          0000
__Hreset_vec             reset_vec    0000
__Hsfr0                  sfr0         0000
__Hsfr1                  sfr1         0000
__Hsfr2                  sfr2         0000
__Hsfr3                  sfr3         0000
__Hsivt                  sivt         0000
__Hspace_0               (abs)        0800
__Hspace_1               (abs)        007D
__Hspace_2               (abs)        0000
__Hspace_3               (abs)        0000
__Hspace_4               (abs)        400F
__Hstack                 stack        0000
__Hstrings               strings      0000
__Htext                  text         0000
__L__absolute__          __absolute__ 0000
__Labs1                  abs1         0000
__Lbank0                 bank0        0000
__Lbank1                 bank1        0000
__Lbank2                 bank2        0000
__Lbank3                 bank3        0000
__LbssBANK0              bssBANK0     0000
__Lcinit                 cinit        07E7
__Lclrtext               clrtext      0000
__Lcode                  code         0000
__Lcommon                common       0000
__Lconfig                config       0000
__LcstackBANK0           cstackBANK0  0000
__LcstackCOMMON          cstackCOMMON 0000
__LdataBANK0             dataBANK0    0000
__Leeprom_data           eeprom_data  0000
__Lend_init              end_init     0000
__Lfunctab               functab      0000
__Lheap                  heap         0000
__LidataBANK0            idataBANK0   0000
__Linit                  init         0000
__Linittext              inittext     0000
__Lintentry              intentry     0000
__Lmaintext              maintext     0000
__Lpowerup               powerup      0000
__Lram                   ram          0000
__Lreset_vec             reset_vec    0000
__Lsfr0                  sfr0         0000
__Lsfr1                  sfr1         0000
__Lsfr2                  sfr2         0000
__Lsfr3                  sfr3         0000
__Lsivt                  sivt         0000
__Lspace_0               (abs)        0000
__Lspace_1               (abs)        0000
__Lspace_2               (abs)        0000
__Lspace_3               (abs)        0000
__Lspace_4               (abs)        0000
__Lstack                 stack        0000
__Lstrings               strings      0000
__Ltext                  text         0000
__S0                     (abs)        0800
__S1                     (abs)        007D
__S3                     (abs)        0000
___heap_hi               (abs)        0000
___heap_lo               (abs)        0000
___int_sp                stack        0000
___int_stack_hi          stack        0000
___int_stack_lo          stack        0000
___latbits               (abs)        0002
___lwdiv                 text4        05F6
___lwdiv@counter         cstackCOMMON 007C
___lwdiv@dividend        cstackCOMMON 0078
___lwdiv@divisor         cstackCOMMON 0076
___lwdiv@quotient        cstackCOMMON 007A
___lwmod                 text3        05BC
___lwmod@counter         cstackCOMMON 0074
___lwmod@dividend        cstackCOMMON 0072
___lwmod@divisor         cstackCOMMON 0070
___sp                    stack        0000
___stack_hi              stack        0000
___stack_lo              stack        0000
___stackhi               (abs)        0000
___stacklo               (abs)        0000
___wmul                  text7        0597
___wmul@multiplicand     cstackCOMMON 0072
___wmul@multiplier       cstackCOMMON 0070
___wmul@product          cstackCOMMON 0074
__end_of___lwdiv         text4        063A
__end_of___lwmod         text3        05F6
__end_of___wmul          text7        05BC
__end_of__initialization cinit        07FC
__end_of_init            text5        0710
__end_of_lcd_com         text6        0597
__end_of_lcd_data        text2        056C
__end_of_lcd_output      text1        069F
__end_of_main            maintext     07E7
__initialization         cinit        07E7
__pbssBANK0              bssBANK0     0043
__pcstackBANK0           cstackBANK0  0034
__pcstackCOMMON          cstackCOMMON 0070
__pdataBANK0             dataBANK0    0020
__pidataBANK0            idataBANK0   056C
__pmaintext              maintext     0710
__ptext1                 text1        063A
__ptext2                 text2        0558
__ptext3                 text3        05BC
__ptext4                 text4        05F6
__ptext5                 text5        069F
__ptext6                 text6        0580
__ptext7                 text7        0597
_adc_high                bssBANK0     0045
_adc_low                 bssBANK0     0047
_init                    text5        069F
_lcd_com                 text6        0580
_lcd_data                text2        0558
_lcd_output              text1        063A
_main                    maintext     0710
_msg_1                   dataBANK0    002A
_msg_2                   dataBANK0    0020
_result                  bssBANK0     0043
_volt                    bssBANK0     0049
btemp                    (abs)        007E
end_of_initialization    cinit        07FC
init_fetch0              inittext     0545
init_ram0                inittext     0549
intlevel0                functab      0000
intlevel1                functab      0000
intlevel2                functab      0000
intlevel3                functab      0000
intlevel4                functab      0000
intlevel5                functab      0000
lcd_com@i                cstackCOMMON 0072
lcd_data@i               cstackCOMMON 0072
lcd_output@i             cstackBANK0  0034
lcd_output@j             cstackBANK0  003E
lcd_output@k             cstackBANK0  0036
lcd_output@m             cstackBANK0  003C
lcd_output@s             cstackBANK0  003B
main@i                   cstackBANK0  0041
reset_vec                reset_vec    0000
start                    init         0000
start_initialization     cinit        07E7
wtemp0                   (abs)        007E


MODULE INFORMATION

Module		Function		Class		Link	Load	Size
ADC_classpgm.c
		_lcd_com       		CODE           	0580	0000	23
		_init          		CODE           	069F	0000	113
		_lcd_data      		CODE           	0558	0000	20
		_main          		CODE           	0710	0000	215
		_lcd_output    		CODE           	063A	0000	101

ADC_classpgm.c estimated size: 472

C:\Program Files\Microchip\xc8\v2.46\pic\sources\c99\common\lwdiv.c
		___lwdiv       		CODE           	05F6	0000	68

C:\Program Files\Microchip\xc8\v2.46\pic\sources\c99\common\lwdiv.c estimated size: 68

shared
		__initialization		CODE           	07E7	0000	21

shared estimated size: 21

C:\Program Files\Microchip\xc8\v2.46\pic\sources\c99\common\Umul16.c
		___wmul        		CODE           	0597	0000	37

C:\Program Files\Microchip\xc8\v2.46\pic\sources\c99\common\Umul16.c estimated size: 37

C:\Program Files\Microchip\xc8\v2.46\pic\sources\c99\common\lwmod.c
		___lwmod       		CODE           	05BC	0000	58

C:\Program Files\Microchip\xc8\v2.46\pic\sources\c99\common\lwmod.c estimated size: 58

