Microchip MPLAB XC8 Compiler V2.46

Linker command line:

-W-3 \
  --edf=C:\Program Files\Microchip\xc8\v2.46\pic\dat\20240104201356_en.msgs \
  -cn -h+dist/default/production\task4_II.X.production.sym \
  --cmf=dist/default/production\task4_II.X.production.cmf -z -Q16F877A \
  -oC:\Users\DELL~1\AppData\Local\Temp\xcAsebo.\driver_tmp_3.o \
  --defsym=__MPLAB_BUILD=1 --fixupoverflow=error \
  -Mdist/default/production/task4_II.X.production.map \
  --md=C:\Users\DELL~1\AppData\Local\Temp\xcAsebo.\driver_tmp_0.dat -E1 \
  -ver=XC8 Compiler --acfsm=1493 -ACODE=00h-07FFhx4 -ASTRCODE=00h-01FFFh \
  -ASTRING=00h-0FFhx32 -ACONST=00h-0FFhx32 -AENTRY=00h-0FFhx32 \
  -ACOMMON=070h-07Fh -ABANK0=020h-06Fh -ABANK1=0A0h-0EFh \
  -ABANK2=0110h-016Fh -ABANK3=0190h-01EFh \
  -ARAM=020h-06Fh,0A0h-0EFh,0110h-016Fh,0190h-01EFh \
  -AABS1=020h-07Fh,0A0h-0EFh,0110h-016Fh,0190h-01EFh -ASFR0=00h-01Fh \
  -ASFR1=080h-09Fh -ASFR2=0100h-010Fh -ASFR3=0180h-018Fh \
  -ACONFIG=02007h-02007h -DCONFIG=2 -AIDLOC=02000h-02003h -DIDLOC=2 \
  -AEEDATA=00h-0FFh/02100h -peeprom_data=EEDATA -DEEDATA=2 -DCODE=2 \
  -DSTRCODE=2 -DSTRING=2 -DCONST=2 -DENTRY=2 \
  -preset_vec=00h,intentry,sivt,init,end_init -ppowerup=CODE -pcinit=CODE \
  -pfunctab=ENTRY -k \
  C:\Users\DELL~1\AppData\Local\Temp\xcAsebo.\driver_tmp_12.o \
  dist/default/production\task4_II.X.production.o 

Object code version is 3.11

Machine type is 16F877A



                Name                               Link     Load   Length Selector   Space Scale
C:\Users\DELL~1\AppData\Local\Temp\xcAsebo.\driver_tmp_12.o
                end_init                              0        0        3        0       0
                config                             2007     2007        1        0       4
dist/default/production\task4_II.X.production.o
                cinit                               7EC      7EC       14      FD8       0
                config                             2007     2007        1        0       4
                text10                              475      475       18      8EA       0
                text9                               635      635       79      C6A       0
                text8                               460      460       15      8C0       0
                text7                               564      564       67      AC8       0
                text6                               50B      50B       59      A16       0
                text5                               4C7      4C7       44      98E       0
                text4                               48D      48D       3A      91A       0
                text3                               5CB      5CB       6A      B96       0
                text2                               6AE      6AE       82      D5C       0
                text1                               730      730       BC      E60       0
                maintext                            42D      42D        E      85A       0
                cstackBANK0                          32       32        3       20       1
                cstackCOMMON                         70       70        C       70       1
                inittext                            44D      44D       13      89A       0
                dataBANK0                            20       20       12       20       1
                bssCOMMON                            7C       7C        2       70       1
                strings                               3        3       3C        6       0
                idataBANK0                          43B      43B       12      876       0

TOTAL           Name                               Link     Load   Length     Space
        CLASS   CODE           
                end_init                              0        0        3         0
                cinit                               7EC      7EC       14         0
                text10                              475      475       18         0
                text9                               635      635       79         0
                text8                               460      460       15         0
                text7                               564      564       67         0
                text6                               50B      50B       59         0
                text5                               4C7      4C7       44         0
                text4                               48D      48D       3A         0
                text3                               5CB      5CB       6A         0
                text2                               6AE      6AE       82         0
                text1                               730      730       BC         0
                maintext                            42D      42D        E         0
                inittext                            44D      44D       13         0
                idataBANK0                          43B      43B       12         0

        CLASS   STRCODE        

        CLASS   STRING         
                strings                               3        3       3C         0

        CLASS   CONST          

        CLASS   ENTRY          

        CLASS   COMMON         
                cstackCOMMON                         70       70        C         1
                bssCOMMON                            7C       7C        2         1

        CLASS   BANK0          
                cstackBANK0                          32       32        3         1
                dataBANK0                            20       20       12         1

        CLASS   BANK1          

        CLASS   BANK2          

        CLASS   BANK3          

        CLASS   RAM            

        CLASS   ABS1           
                abs_s1                               7E       7E        2         1

        CLASS   SFR0           

        CLASS   SFR1           

        CLASS   SFR2           

        CLASS   SFR3           

        CLASS   CONFIG         
                config                             2007     2007        1         4

        CLASS   IDLOC          

        CLASS   EEDATA         

        CLASS   HEAP           

        CLASS   STACK          



SEGMENTS        Name                           Load    Length   Top    Selector   Space  Class     Delta

                reset_vec                      000000  000003  000003         0       0  CODE        2
                strings                        000003  00003C  00003F         6       0  STRING      2
                dataBANK0                      000020  000015  000035        20       1  BANK0       1
                cstackCOMMON                   000070  00000E  00007E        70       1  COMMON      1
                maintext                       00042D  00000E  00043B       85A       0  CODE        2
                idataBANK0                     00043B  000012  00044D       876       0  CODE        2
                inittext                       00044D  000013  000460       89A       0  CODE        2
                text8                          000460  000015  000475       8C0       0  CODE        2
                text10                         000475  000018  00048D       8EA       0  CODE        2
                text4                          00048D  00003A  0004C7       91A       0  CODE        2
                text5                          0004C7  000044  00050B       98E       0  CODE        2
                text6                          00050B  000059  000564       A16       0  CODE        2
                text7                          000564  000067  0005CB       AC8       0  CODE        2
                text3                          0005CB  00006A  000635       B96       0  CODE        2
                text9                          000635  000079  0006AE       C6A       0  CODE        2
                text2                          0006AE  000082  000730       D5C       0  CODE        2
                text1                          000730  0000BC  0007EC       E60       0  CODE        2
                cinit                          0007EC  000014  000800       FD8       0  CODE        2


UNUSED ADDRESS RANGES

        Name                Unused          Largest block    Delta
        BANK0            0035-006F             3B           1
        BANK1            00A0-00EF             50           1
        BANK2            0110-016F             60           1
        BANK3            0190-01EF             60           1
        CODE             003F-042C            3EE           2
                         0800-1FFF            800
        CONST            003F-042C            100           2
                         0800-1FFF            100
        EEDATA           2100-21FF            100           2
        ENTRY            003F-042C            100           2
                         0800-1FFF            100
        IDLOC            2000-2003              4           2
        RAM              0035-006F             3B           1
                         00A0-00EF             50
                         0110-016F             60
                         0190-01EF             60
        SFR0             0000-001F             20           1
        SFR1             0080-009F             20           1
        SFR2             0100-010F             10           1
        SFR3             0180-018F             10           1
        STRCODE          003F-042C            3EE           2
                         0800-1FFF           1800
        STRING           003F-042C            100           2
                         0800-1FFF            100

                                  Symbol Table

?___awdiv                cstackCOMMON 0070
?___awmod                cstackCOMMON 0070
?___lwdiv                cstackCOMMON 0070
?___lwmod                cstackCOMMON 0070
Lcd_command@i            cstackCOMMON 0072
Lcd_data@i               cstackCOMMON 0072
Lcd_output@hundreds      cstackBANK0  0033
Lcd_output@tens          cstackBANK0  0034
Lcd_output@tenths        cstackBANK0  0032
Lcd_output@voltage       cstackCOMMON 0078
_Lcd_command             text10       0475
_Lcd_data                text8        0460
_Lcd_output              text3        05CB
_OPTION_REG              (abs)        0081
_PORTB                   (abs)        0006
_PORTC                   (abs)        0007
_PORTD                   (abs)        0008
_TRISB                   (abs)        0086
_TRISC                   (abs)        0087
_TRISD                   (abs)        0088
__H__absolute__          __absolute__ 0000
__Habs1                  abs1         0000
__Hbank0                 bank0        0000
__Hbank1                 bank1        0000
__Hbank2                 bank2        0000
__Hbank3                 bank3        0000
__HbssCOMMON             bssCOMMON    0000
__Hcinit                 cinit        0800
__Hclrtext               clrtext      0000
__Hcode                  code         0000
__Hcommon                common       0000
__Hconfig                config       2008
__HcstackBANK0           cstackBANK0  0000
__HcstackCOMMON          cstackCOMMON 0000
__HdataBANK0             dataBANK0    0000
__Heeprom_data           eeprom_data  0000
__Hend_init              end_init     0003
__Hfunctab               functab      0000
__Hheap                  heap         0000
__HidataBANK0            idataBANK0   0000
__Hinit                  init         0000
__Hinittext              inittext     0000
__Hintentry              intentry     0000
__Hmaintext              maintext     0000
__Hpowerup               powerup      0000
__Hram                   ram          0000
__Hreset_vec             reset_vec    0000
__Hsfr0                  sfr0         0000
__Hsfr1                  sfr1         0000
__Hsfr2                  sfr2         0000
__Hsfr3                  sfr3         0000
__Hsivt                  sivt         0000
__Hspace_0               (abs)        0800
__Hspace_1               (abs)        007E
__Hspace_2               (abs)        0000
__Hspace_3               (abs)        0000
__Hspace_4               (abs)        400F
__Hstack                 stack        0000
__Hstrings               strings      0000
__Htext                  text         0000
__L__absolute__          __absolute__ 0000
__Labs1                  abs1         0000
__Lbank0                 bank0        0000
__Lbank1                 bank1        0000
__Lbank2                 bank2        0000
__Lbank3                 bank3        0000
__LbssCOMMON             bssCOMMON    0000
__Lcinit                 cinit        07EC
__Lclrtext               clrtext      0000
__Lcode                  code         0000
__Lcommon                common       0000
__Lconfig                config       0000
__LcstackBANK0           cstackBANK0  0000
__LcstackCOMMON          cstackCOMMON 0000
__LdataBANK0             dataBANK0    0000
__Leeprom_data           eeprom_data  0000
__Lend_init              end_init     0000
__Lfunctab               functab      0000
__Lheap                  heap         0000
__LidataBANK0            idataBANK0   0000
__Linit                  init         0000
__Linittext              inittext     0000
__Lintentry              intentry     0000
__Lmaintext              maintext     0000
__Lpowerup               powerup      0000
__Lram                   ram          0000
__Lreset_vec             reset_vec    0000
__Lsfr0                  sfr0         0000
__Lsfr1                  sfr1         0000
__Lsfr2                  sfr2         0000
__Lsfr3                  sfr3         0000
__Lsivt                  sivt         0000
__Lspace_0               (abs)        0000
__Lspace_1               (abs)        0000
__Lspace_2               (abs)        0000
__Lspace_3               (abs)        0000
__Lspace_4               (abs)        0000
__Lstack                 stack        0000
__Lstrings               strings      0000
__Ltext                  text         0000
__S0                     (abs)        0800
__S1                     (abs)        007E
__S3                     (abs)        0000
___awdiv                 text7        0564
___awdiv@counter         cstackCOMMON 0074
___awdiv@dividend        cstackCOMMON 0072
___awdiv@divisor         cstackCOMMON 0070
___awdiv@quotient        cstackCOMMON 0076
___awdiv@sign            cstackCOMMON 0075
___awmod                 text6        050B
___awmod@counter         cstackCOMMON 0074
___awmod@dividend        cstackCOMMON 0072
___awmod@divisor         cstackCOMMON 0070
___awmod@sign            cstackCOMMON 0075
___heap_hi               (abs)        0000
___heap_lo               (abs)        0000
___int_sp                stack        0000
___int_stack_hi          stack        0000
___int_stack_lo          stack        0000
___latbits               (abs)        0002
___lwdiv                 text5        04C7
___lwdiv@counter         cstackCOMMON 0076
___lwdiv@dividend        cstackCOMMON 0072
___lwdiv@divisor         cstackCOMMON 0070
___lwdiv@quotient        cstackCOMMON 0074
___lwmod                 text4        048D
___lwmod@counter         cstackCOMMON 0074
___lwmod@dividend        cstackCOMMON 0072
___lwmod@divisor         cstackCOMMON 0070
___sp                    stack        0000
___stack_hi              stack        0000
___stack_lo              stack        0000
___stackhi               (abs)        0000
___stacklo               (abs)        0000
__end_of_Lcd_command     text10       048D
__end_of_Lcd_data        text8        0475
__end_of_Lcd_output      text3        0635
__end_of___awdiv         text7        05CB
__end_of___awmod         text6        0564
__end_of___lwdiv         text5        050B
__end_of___lwmod         text4        04C7
__end_of__initialization cinit        07FC
__end_of__stringtab      strings      0009
__end_of_display_status  text2        0730
__end_of_init            text9        06AE
__end_of_keyscan         text1        07EC
__end_of_main            maintext     043B
__initialization         cinit        07EC
__pbssCOMMON             bssCOMMON    007C
__pcstackBANK0           cstackBANK0  0032
__pcstackCOMMON          cstackCOMMON 0070
__pdataBANK0             dataBANK0    0020
__pidataBANK0            idataBANK0   043B
__pmaintext              maintext     042D
__pstrings               strings      0003
__ptext1                 text1        0730
__ptext10                text10       0475
__ptext2                 text2        06AE
__ptext3                 text3        05CB
__ptext4                 text4        048D
__ptext5                 text5        04C7
__ptext6                 text6        050B
__ptext7                 text7        0564
__ptext8                 text8        0460
__ptext9                 text9        0635
__stringbase             strings      0008
__stringtab              strings      0003
_array                   dataBANK0    0020
_battery_voltage         dataBANK0    0030
_display_status          text2        06AE
_init                    text9        0635
_keyscan                 text1        0730
_main                    maintext     042D
_value                   bssCOMMON    007C
_x                       bssCOMMON    007D
btemp                    (abs)        007E
end_of_initialization    cinit        07FC
init_fetch0              inittext     044D
init_ram0                inittext     0451
intlevel0                functab      0000
intlevel1                functab      0000
intlevel2                functab      0000
intlevel3                functab      0000
intlevel4                functab      0000
intlevel5                functab      0000
reset_vec                reset_vec    0000
start                    init         0000
start_initialization     cinit        07EC
wtemp0                   (abs)        007E


MODULE INFORMATION

Module		Function		Class		Link	Load	Size
task4_II.c
		_init          		CODE           	0635	0000	121
		_main          		CODE           	042D	0000	14
		_display_status		CODE           	06AE	0000	130
		_keyscan       		CODE           	0730	0000	188
		_Lcd_output    		CODE           	05CB	0000	106
		_Lcd_command   		CODE           	0475	0000	24
		_Lcd_data      		CODE           	0460	0000	21

task4_II.c estimated size: 604

C:\Program Files\Microchip\xc8\v2.46\pic\sources\c99\common\lwdiv.c
		___lwdiv       		CODE           	04C7	0000	68

C:\Program Files\Microchip\xc8\v2.46\pic\sources\c99\common\lwdiv.c estimated size: 68

C:\Program Files\Microchip\xc8\v2.46\pic\sources\c99\common\awdiv.c
		___awdiv       		CODE           	0564	0000	103

C:\Program Files\Microchip\xc8\v2.46\pic\sources\c99\common\awdiv.c estimated size: 103

shared
		__stringtab    		STRING         	0003	0000	6
		__initialization		CODE           	07EC	0000	16

shared estimated size: 22

C:\Program Files\Microchip\xc8\v2.46\pic\sources\c99\common\lwmod.c
		___lwmod       		CODE           	048D	0000	58

C:\Program Files\Microchip\xc8\v2.46\pic\sources\c99\common\lwmod.c estimated size: 58

C:\Program Files\Microchip\xc8\v2.46\pic\sources\c99\common\awmod.c
		___awmod       		CODE           	050B	0000	89

C:\Program Files\Microchip\xc8\v2.46\pic\sources\c99\common\awmod.c estimated size: 89

