Microchip MPLAB XC8 Compiler V2.46

Linker command line:

-W-3 \
  --edf=C:\Program Files\Microchip\xc8\v2.46\pic\dat\20240104201356_en.msgs \
  -cn -h+dist/default/production\ADC_PWM_task.X.production.sym \
  --cmf=dist/default/production\ADC_PWM_task.X.production.cmf -z -Q16F877A \
  -oC:\Users\DELL~1\AppData\Local\Temp\xcAsd9c.\driver_tmp_3.o \
  --defsym=__MPLAB_BUILD=1 --fixupoverflow=error \
  -Mdist/default/production/ADC_PWM_task.X.production.map \
  --md=C:\Users\DELL~1\AppData\Local\Temp\xcAsd9c.\driver_tmp_0.dat -E1 \
  -ver=XC8 Compiler --acfsm=1493 -ACODE=00h-07FFhx4 -ASTRCODE=00h-01FFFh \
  -ASTRING=00h-0FFhx32 -ACONST=00h-0FFhx32 -AENTRY=00h-0FFhx32 \
  -ACOMMON=070h-07Fh -ABANK0=020h-06Fh -ABANK1=0A0h-0EFh \
  -ABANK2=0110h-016Fh -ABANK3=0190h-01EFh \
  -ARAM=020h-06Fh,0A0h-0EFh,0110h-016Fh,0190h-01EFh \
  -AABS1=020h-07Fh,0A0h-0EFh,0110h-016Fh,0190h-01EFh -ASFR0=00h-01Fh \
  -ASFR1=080h-09Fh -ASFR2=0100h-010Fh -ASFR3=0180h-018Fh \
  -ACONFIG=02007h-02007h -DCONFIG=2 -AIDLOC=02000h-02003h -DIDLOC=2 \
  -AEEDATA=00h-0FFh/02100h -peeprom_data=EEDATA -DEEDATA=2 -DCODE=2 \
  -DSTRCODE=2 -DSTRING=2 -DCONST=2 -DENTRY=2 \
  -preset_vec=00h,intentry,sivt,init,end_init -ppowerup=CODE -pcinit=CODE \
  -pfunctab=ENTRY -k \
  C:\Users\DELL~1\AppData\Local\Temp\xcAsd9c.\driver_tmp_12.o \
  dist/default/production\ADC_PWM_task.X.production.o 

Object code version is 3.11

Machine type is 16F877A



                Name                               Link     Load   Length Selector   Space Scale
C:\Users\DELL~1\AppData\Local\Temp\xcAsd9c.\driver_tmp_12.o
                end_init                              0        0        3        0       0
                config                             2007     2007        1        0       4
dist/default/production\ADC_PWM_task.X.production.o
                cinit                               7E4      7E4       1C      FC8       0
                config                             2007     2007        1        0       4
                text16                              247      247      258      48E       0
                text15                               78       78      1CF       F0       0
                text14                              B6C      B6C       27     16D8       0
                text13                              49F      49F      345      93E       0
                text12                              CED      CED       8E     19DA       0
                text11                              E11      E11       B8     1C22       0
                text10                              B30      B30       17     1660       0
                text9                               C6F      C6F       7E     18DE       0
                text8                               C2B      C2B       44     1856       0
                text7                               BEF      BEF       3C     17DE       0
                text6                               B08      B08       14     1610       0
                text5                                 B        B       6D       16       0
                text4                               D7B      D7B       96     1AF6       0
                text3                               B93      B93       2D     1726       0
                text2                               B47      B47       25     168E       0
                text1                               BC0      BC0       2F     1780       0
                maintext                            EC9      EC9      137     1D92       0
                cstackBANK0                          20       20       50       20       1
                cstackCOMMON                         70       70        E       70       1
                cstackBANK1                          BC       BC        6       A0       1
                inittext                            AF5      AF5       13     15EA       0
                dataBANK1                            A0       A0       14       A0       1
                bssBANK1                             B4       B4        8       A0       1
                idataBANK1                          B1C      B1C       14     1638       0

TOTAL           Name                               Link     Load   Length     Space
        CLASS   CODE           
                end_init                              0        0        3         0
                cinit                               7E4      7E4       1C         0
                text16                              247      247      258         0
                text15                               78       78      1CF         0
                text14                              B6C      B6C       27         0
                text13                              49F      49F      345         0
                text12                              CED      CED       8E         0
                text11                              E11      E11       B8         0
                text10                              B30      B30       17         0
                text9                               C6F      C6F       7E         0
                text8                               C2B      C2B       44         0
                text7                               BEF      BEF       3C         0
                text6                               B08      B08       14         0
                text5                                 B        B       6D         0
                text4                               D7B      D7B       96         0
                text3                               B93      B93       2D         0
                text2                               B47      B47       25         0
                text1                               BC0      BC0       2F         0
                maintext                            EC9      EC9      137         0
                inittext                            AF5      AF5       13         0
                idataBANK1                          B1C      B1C       14         0

        CLASS   STRCODE        

        CLASS   STRING         

        CLASS   CONST          

        CLASS   ENTRY          

        CLASS   COMMON         
                cstackCOMMON                         70       70        E         1

        CLASS   BANK0          
                cstackBANK0                          20       20       50         1

        CLASS   BANK1          
                cstackBANK1                          BC       BC        6         1
                dataBANK1                            A0       A0       14         1
                bssBANK1                             B4       B4        8         1

        CLASS   BANK2          

        CLASS   BANK3          

        CLASS   RAM            

        CLASS   ABS1           
                abs_s1                               7E       7E        2         1

        CLASS   SFR0           

        CLASS   SFR1           

        CLASS   SFR2           

        CLASS   SFR3           

        CLASS   CONFIG         
                config                             2007     2007        1         4

        CLASS   IDLOC          

        CLASS   EEDATA         

        CLASS   HEAP           

        CLASS   STACK          



SEGMENTS        Name                           Load    Length   Top    Selector   Space  Class     Delta

                reset_vec                      000000  000003  000003         0       0  CODE        2
                text5                          00000B  00006D  000078        16       0  CODE        2
                cstackBANK0                    000020  000050  000070        20       1  BANK0       1
                cstackCOMMON                   000070  00000E  00007E        70       1  COMMON      1
                dataBANK1                      0000A0  000022  0000C2        A0       1  BANK1       1
                text15                         000078  0001CF  000247        F0       0  CODE        2
                text16                         000247  000258  00049F       48E       0  CODE        2
                text13                         00049F  000345  0007E4       93E       0  CODE        2
                cinit                          0007E4  00001C  000800       FC8       0  CODE        2
                inittext                       000AF5  000013  000B08      15EA       0  CODE        2
                text6                          000B08  000014  000B1C      1610       0  CODE        2
                idataBANK1                     000B1C  000014  000B30      1638       0  CODE        2
                text10                         000B30  000017  000B47      1660       0  CODE        2
                text2                          000B47  000025  000B6C      168E       0  CODE        2
                text14                         000B6C  000027  000B93      16D8       0  CODE        2
                text3                          000B93  00002D  000BC0      1726       0  CODE        2
                text1                          000BC0  00002F  000BEF      1780       0  CODE        2
                text7                          000BEF  00003C  000C2B      17DE       0  CODE        2
                text8                          000C2B  000044  000C6F      1856       0  CODE        2
                text9                          000C6F  00007E  000CED      18DE       0  CODE        2
                text12                         000CED  00008E  000D7B      19DA       0  CODE        2
                text4                          000D7B  000096  000E11      1AF6       0  CODE        2
                text11                         000E11  0000B8  000EC9      1C22       0  CODE        2
                maintext                       000EC9  000137  001000      1D92       0  CODE        2


UNUSED ADDRESS RANGES

        Name                Unused          Largest block    Delta
        BANK1            00C2-00EF             2E           1
        BANK2            0110-016F             60           1
        BANK3            0190-01EF             60           1
        CODE             0003-000A              8           2
                         0800-0AF4            2F5
                         1000-1FFF            800
        CONST            0003-000A              8           2
                         0800-0AF4            100
                         1000-1FFF            100
        EEDATA           2100-21FF            100           2
        ENTRY            0003-000A              8           2
                         0800-0AF4            100
                         1000-1FFF            100
        IDLOC            2000-2003              4           2
        RAM              00C2-00EF             2E           1
                         0110-016F             60
                         0190-01EF             60
        SFR0             0000-001F             20           1
        SFR1             0080-009F             20           1
        SFR2             0100-010F             10           1
        SFR3             0180-018F             10           1
        STRCODE          0003-000A              8           2
                         0800-0AF4            2F5
                         1000-1FFF           1000
        STRING           0003-000A              8           2
                         0800-0AF4            100
                         1000-1FFF            100

                                  Symbol Table

?__Umul8_16                cstackCOMMON 0070
?___fladd                  cstackBANK0  003A
?___fldiv                  cstackBANK0  004E
?___flmul                  cstackBANK0  0020
?___fltol                  cstackBANK0  0068
?___lwdiv                  cstackCOMMON 0076
?___lwmod                  cstackBANK0  0020
?___wmul                   cstackCOMMON 0070
?___xxtofl                 cstackCOMMON 0070
_ADCON0                    (abs)        001F
_ADCON1                    (abs)        009F
_ADRESH                    (abs)        001E
_ADRESL                    (abs)        009E
_CCP1CON                   (abs)        0017
_CCPR1L                    (abs)        0015
_PORTC                     (abs)        0007
_PORTD                     (abs)        0008
_PR2                       (abs)        0092
_T2CON                     (abs)        0012
_TRISA                     (abs)        0085
_TRISC                     (abs)        0087
_TRISD                     (abs)        0088
__H__absolute__            __absolute__ 0000
__Habs1                    abs1         0000
__Hbank0                   bank0        0000
__Hbank1                   bank1        0000
__Hbank2                   bank2        0000
__Hbank3                   bank3        0000
__HbssBANK1                bssBANK1     0000
__Hcinit                   cinit        0800
__Hclrtext                 clrtext      0000
__Hcode                    code         0000
__Hcommon                  common       0000
__Hconfig                  config       2008
__HcstackBANK0             cstackBANK0  0000
__HcstackBANK1             cstackBANK1  0000
__HcstackCOMMON            cstackCOMMON 0000
__HdataBANK1               dataBANK1    0000
__Heeprom_data             eeprom_data  0000
__Hend_init                end_init     0003
__Hfunctab                 functab      0000
__Hheap                    heap         0000
__HidataBANK1              idataBANK1   0000
__Hinit                    init         0000
__Hinittext                inittext     0000
__Hintentry                intentry     0000
__Hmaintext                maintext     0000
__Hpowerup                 powerup      0000
__Hram                     ram          0000
__Hreset_vec               reset_vec    0000
__Hsfr0                    sfr0         0000
__Hsfr1                    sfr1         0000
__Hsfr2                    sfr2         0000
__Hsfr3                    sfr3         0000
__Hsivt                    sivt         0000
__Hspace_0                 (abs)        1000
__Hspace_1                 (abs)        00C2
__Hspace_2                 (abs)        0000
__Hspace_3                 (abs)        0000
__Hspace_4                 (abs)        400F
__Hstack                   stack        0000
__Hstrings                 strings      0000
__Htext                    text         0000
__L__absolute__            __absolute__ 0000
__Labs1                    abs1         0000
__Lbank0                   bank0        0000
__Lbank1                   bank1        0000
__Lbank2                   bank2        0000
__Lbank3                   bank3        0000
__LbssBANK1                bssBANK1     0000
__Lcinit                   cinit        07E4
__Lclrtext                 clrtext      0000
__Lcode                    code         0000
__Lcommon                  common       0000
__Lconfig                  config       0000
__LcstackBANK0             cstackBANK0  0000
__LcstackBANK1             cstackBANK1  0000
__LcstackCOMMON            cstackCOMMON 0000
__LdataBANK1               dataBANK1    0000
__Leeprom_data             eeprom_data  0000
__Lend_init                end_init     0000
__Lfunctab                 functab      0000
__Lheap                    heap         0000
__LidataBANK1              idataBANK1   0000
__Linit                    init         0000
__Linittext                inittext     0000
__Lintentry                intentry     0000
__Lmaintext                maintext     0000
__Lpowerup                 powerup      0000
__Lram                     ram          0000
__Lreset_vec               reset_vec    0000
__Lsfr0                    sfr0         0000
__Lsfr1                    sfr1         0000
__Lsfr2                    sfr2         0000
__Lsfr3                    sfr3         0000
__Lsivt                    sivt         0000
__Lspace_0                 (abs)        0000
__Lspace_1                 (abs)        0000
__Lspace_2                 (abs)        0000
__Lspace_3                 (abs)        0000
__Lspace_4                 (abs)        0000
__Lstack                   stack        0000
__Lstrings                 strings      0000
__Ltext                    text         0000
__S0                       (abs)        1000
__S1                       (abs)        00C2
__S3                       (abs)        0000
__Umul8_16                 text14       0B6C
__Umul8_16@multiplicand    cstackCOMMON 0070
__Umul8_16@multiplier      cstackCOMMON 0078
__Umul8_16@product         cstackCOMMON 0074
__Umul8_16@word_mpld       cstackCOMMON 0076
___fladd                   text16       0247
___fladd@a                 cstackBANK0  003E
___fladd@aexp              cstackBANK0  004B
___fladd@b                 cstackBANK0  003A
___fladd@bexp              cstackBANK0  004C
___fladd@grs               cstackBANK0  004D
___fladd@signs             cstackBANK0  004A
___fldiv                   text15       0078
___fldiv@a                 cstackBANK0  004E
___fldiv@aexp              cstackBANK0  0067
___fldiv@b                 cstackBANK0  0052
___fldiv@bexp              cstackBANK0  0066
___fldiv@grs               cstackBANK0  0062
___fldiv@new_exp           cstackBANK0  0060
___fldiv@rem               cstackBANK0  005B
___fldiv@sign              cstackBANK0  005F
___flmul                   text13       049F
___flmul@a                 cstackBANK0  0024
___flmul@aexp              cstackBANK0  0032
___flmul@b                 cstackBANK0  0020
___flmul@bexp              cstackBANK0  0033
___flmul@grs               cstackBANK0  002E
___flmul@prod              cstackBANK0  0034
___flmul@sign              cstackBANK0  002D
___flmul@temp              cstackBANK0  0038
___fltol                   text12       0CED
___fltol@exp1              cstackBANK1  00BD
___fltol@f1                cstackBANK0  0068
___fltol@sign1             cstackBANK1  00BC
___heap_hi                 (abs)        0000
___heap_lo                 (abs)        0000
___int_sp                  stack        0000
___int_stack_hi            stack        0000
___int_stack_lo            stack        0000
___latbits                 (abs)        0002
___lwdiv                   text8        0C2B
___lwdiv@counter           cstackCOMMON 007C
___lwdiv@dividend          cstackCOMMON 0078
___lwdiv@divisor           cstackCOMMON 0076
___lwdiv@quotient          cstackCOMMON 007A
___lwmod                   text7        0BEF
___lwmod@counter           cstackCOMMON 007D
___lwmod@dividend          cstackBANK0  0022
___lwmod@divisor           cstackBANK0  0020
___sp                      stack        0000
___stack_hi                stack        0000
___stack_lo                stack        0000
___stackhi                 (abs)        0000
___stacklo                 (abs)        0000
___wmul                    text2        0B47
___wmul@multiplicand       cstackCOMMON 0072
___wmul@multiplier         cstackCOMMON 0070
___wmul@product            cstackCOMMON 0074
___xxtofl                  text11       0E11
___xxtofl@arg              cstackCOMMON 007A
___xxtofl@exp              cstackCOMMON 0079
___xxtofl@sign             cstackCOMMON 0078
___xxtofl@val              cstackCOMMON 0070
__end_of__Umul8_16         text14       0B93
__end_of___fladd           text16       049F
__end_of___fldiv           text15       0247
__end_of___flmul           text13       07E4
__end_of___fltol           text12       0D7B
__end_of___lwdiv           text8        0C6F
__end_of___lwmod           text7        0C2B
__end_of___wmul            text2        0B6C
__end_of___xxtofl          text11       0EC9
__end_of__initialization   cinit        07FC
__end_of_init              text9        0CED
__end_of_lcd_com           text10       0B47
__end_of_lcd_data          text6        0B1C
__end_of_lcd_output_cal    text5        0078
__end_of_lcd_output_raw    text4        0E11
__end_of_main              maintext     1000
__end_of_read_adc_channel  text3        0BC0
__end_of_update_pwm_duty   text1        0BEF
__initialization           cinit        07E4
__pbssBANK1                bssBANK1     00B4
__pcstackBANK0             cstackBANK0  0020
__pcstackBANK1             cstackBANK1  00BC
__pcstackCOMMON            cstackCOMMON 0070
__pdataBANK1               dataBANK1    00A0
__pidataBANK1              idataBANK1   0B1C
__pmaintext                maintext     0EC9
__ptext1                   text1        0BC0
__ptext10                  text10       0B30
__ptext11                  text11       0E11
__ptext12                  text12       0CED
__ptext13                  text13       049F
__ptext14                  text14       0B6C
__ptext15                  text15       0078
__ptext16                  text16       0247
__ptext2                   text2        0B47
__ptext3                   text3        0B93
__ptext4                   text4        0D7B
__ptext5                   text5        000B
__ptext6                   text6        0B08
__ptext7                   text7        0BEF
__ptext8                   text8        0C2B
__ptext9                   text9        0C6F
_adc_high                  bssBANK1     00B8
_adc_low                   bssBANK1     00BA
_init                      text9        0C6F
_lcd_com                   text10       0B30
_lcd_data                  text6        0B08
_lcd_output_cal            text5        000B
_lcd_output_raw            text4        0D7B
_main                      maintext     0EC9
_msg_ch0                   dataBANK1    00AA
_msg_ch2                   dataBANK1    00A0
_read_adc_channel          text3        0B93
_result_ch0                bssBANK1     00B6
_result_ch2                bssBANK1     00B4
_update_pwm_duty           text1        0BC0
btemp                      (abs)        007E
end_of_initialization      cinit        07FC
init_fetch0                inittext     0AF5
init_ram0                  inittext     0AF9
intlevel0                  functab      0000
intlevel1                  functab      0000
intlevel2                  functab      0000
intlevel3                  functab      0000
intlevel4                  functab      0000
intlevel5                  functab      0000
lcd_com@i                  cstackCOMMON 0072
lcd_data@i                 cstackCOMMON 0072
lcd_output_cal@i           cstackBANK0  0024
lcd_output_cal@k           cstackBANK0  0026
lcd_output_raw@i           cstackBANK0  0024
lcd_output_raw@k           cstackBANK0  0026
main@i                     cstackBANK1  00C0
read_adc_channel@channel   cstackCOMMON 0072
reset_vec                  reset_vec    0000
start                      init         0000
start_initialization       cinit        07E4
update_pwm_duty@adc_value  cstackBANK0  0020
update_pwm_duty@duty_cycle cstackBANK0  0024
wtemp0                     (abs)        007E


MODULE INFORMATION

Module		Function		Class		Link	Load	Size
C:\Program Files\Microchip\xc8\v2.46\pic\sources\c99\common\fltol.c
		___fltol       		CODE           	0CED	0000	142

C:\Program Files\Microchip\xc8\v2.46\pic\sources\c99\common\fltol.c estimated size: 142

C:\Program Files\Microchip\xc8\v2.46\pic\sources\c99\common\Umul8_16.c
		__Umul8_16     		CODE           	0B6C	0000	39

C:\Program Files\Microchip\xc8\v2.46\pic\sources\c99\common\Umul8_16.c estimated size: 39

ADC+PWM_TASK.c
		_lcd_com       		CODE           	0B30	0000	23
		_init          		CODE           	0C6F	0000	126
		_update_pwm_duty		CODE           	0BC0	0000	47
		_lcd_data      		CODE           	0B08	0000	20
		_lcd_output_cal		CODE           	000B	0000	109
		_lcd_output_raw		CODE           	0D7B	0000	150
		_main          		CODE           	0EC9	0000	311
		_read_adc_channel		CODE           	0B93	0000	45

ADC+PWM_TASK.c estimated size: 831

C:\Program Files\Microchip\xc8\v2.46\pic\sources\c99\common\lwdiv.c
		___lwdiv       		CODE           	0C2B	0000	68

C:\Program Files\Microchip\xc8\v2.46\pic\sources\c99\common\lwdiv.c estimated size: 68

C:\Program Files\Microchip\xc8\v2.46\pic\sources\c99\common\xxtofl.c
		___xxtofl      		CODE           	0E11	0000	184

C:\Program Files\Microchip\xc8\v2.46\pic\sources\c99\common\xxtofl.c estimated size: 184

C:\Program Files\Microchip\xc8\v2.46\pic\sources\c99\common\sprcmul.c
		___flmul       		CODE           	049F	0000	837

C:\Program Files\Microchip\xc8\v2.46\pic\sources\c99\common\sprcmul.c estimated size: 837

C:\Program Files\Microchip\xc8\v2.46\pic\sources\c99\common\sprcdiv.c
		___fldiv       		CODE           	0078	0000	463

C:\Program Files\Microchip\xc8\v2.46\pic\sources\c99\common\sprcdiv.c estimated size: 463

shared
		__initialization		CODE           	07E4	0000	24

shared estimated size: 24

C:\Program Files\Microchip\xc8\v2.46\pic\sources\c99\common\Umul16.c
		___wmul        		CODE           	0B47	0000	37

C:\Program Files\Microchip\xc8\v2.46\pic\sources\c99\common\Umul16.c estimated size: 37

C:\Program Files\Microchip\xc8\v2.46\pic\sources\c99\common\sprcadd.c
		___fladd       		CODE           	0247	0000	600

C:\Program Files\Microchip\xc8\v2.46\pic\sources\c99\common\sprcadd.c estimated size: 600

C:\Program Files\Microchip\xc8\v2.46\pic\sources\c99\common\lwmod.c
		___lwmod       		CODE           	0BEF	0000	60

C:\Program Files\Microchip\xc8\v2.46\pic\sources\c99\common\lwmod.c estimated size: 60

