Microchip MPLAB XC8 Compiler V2.46

Linker command line:

-W-3 \
  --edf=C:\Program Files\Microchip\xc8\v2.46\pic\dat\20240104201356_en.msgs \
  -cn -h+dist/default/production\ADC_PWM_class.X.production.sym \
  --cmf=dist/default/production\ADC_PWM_class.X.production.cmf -z -Q16F877A \
  -oC:\Users\DELL~1\AppData\Local\Temp\xcAsdtg.\driver_tmp_3.o \
  --defsym=__MPLAB_BUILD=1 --fixupoverflow=error \
  -Mdist/default/production/ADC_PWM_class.X.production.map \
  --md=C:\Users\DELL~1\AppData\Local\Temp\xcAsdtg.\driver_tmp_0.dat -E1 \
  -ver=XC8 Compiler --acfsm=1493 -ACODE=00h-07FFhx4 -ASTRCODE=00h-01FFFh \
  -ASTRING=00h-0FFhx32 -ACONST=00h-0FFhx32 -AENTRY=00h-0FFhx32 \
  -ACOMMON=070h-07Fh -ABANK0=020h-06Fh -ABANK1=0A0h-0EFh \
  -ABANK2=0110h-016Fh -ABANK3=0190h-01EFh \
  -ARAM=020h-06Fh,0A0h-0EFh,0110h-016Fh,0190h-01EFh \
  -AABS1=020h-07Fh,0A0h-0EFh,0110h-016Fh,0190h-01EFh -ASFR0=00h-01Fh \
  -ASFR1=080h-09Fh -ASFR2=0100h-010Fh -ASFR3=0180h-018Fh \
  -ACONFIG=02007h-02007h -DCONFIG=2 -AIDLOC=02000h-02003h -DIDLOC=2 \
  -AEEDATA=00h-0FFh/02100h -peeprom_data=EEDATA -DEEDATA=2 -DCODE=2 \
  -DSTRCODE=2 -DSTRING=2 -DCONST=2 -DENTRY=2 \
  -preset_vec=00h,intentry,sivt,init,end_init -ppowerup=CODE -pcinit=CODE \
  -pfunctab=ENTRY -k \
  C:\Users\DELL~1\AppData\Local\Temp\xcAsdtg.\driver_tmp_12.o \
  dist/default/production\ADC_PWM_class.X.production.o 

Object code version is 3.11

Machine type is 16F877A



                Name                               Link     Load   Length Selector   Space Scale
C:\Users\DELL~1\AppData\Local\Temp\xcAsdtg.\driver_tmp_12.o
                end_init                              0        0        3        0       0
                config                             2007     2007        1        0       4
dist/default/production\ADC_PWM_class.X.production.o
                cinit                               7E6      7E6       1A      FCC       0
                config                             2007     2007        1        0       4
                text12                              2D2      2D2      1CF      5A4       0
                text11                               1D       1D       27       3A       0
                text10                              4A1      4A1      345      942       0
                text9                               D74      D74       78     1AE8       0
                text8                               E67      E67       B8     1CCE       0
                text7                                 6        6       17        C       0
                text6                               DEC      DEC       7B     1BD8       0
                text5                               D30      D30       44     1A60       0
                text4                               D0B      D0B       25     1A16       0
                text3                               CE3      CE3       14     19C6       0
                text2                               F1F      F1F       E1     1E3E       0
                text1                               158      158      17A      2B0       0
                maintext                             44       44      114       88       0
                cstackBANK0                          20       20       42       20       1
                cstackCOMMON                         70       70        E       70       1
                inittext                            CD0      CD0       13     19A0       0
                dataBANK1                            A0       A0       14       A0       1
                bssBANK0                             62       62        8       20       1
                idataBANK1                          CF7      CF7       14     19EE       0

TOTAL           Name                               Link     Load   Length     Space
        CLASS   CODE           
                end_init                              0        0        3         0
                cinit                               7E6      7E6       1A         0
                text12                              2D2      2D2      1CF         0
                text11                               1D       1D       27         0
                text10                              4A1      4A1      345         0
                text9                               D74      D74       78         0
                text8                               E67      E67       B8         0
                text7                                 6        6       17         0
                text6                               DEC      DEC       7B         0
                text5                               D30      D30       44         0
                text4                               D0B      D0B       25         0
                text3                               CE3      CE3       14         0
                text2                               F1F      F1F       E1         0
                text1                               158      158      17A         0
                maintext                             44       44      114         0
                inittext                            CD0      CD0       13         0
                idataBANK1                          CF7      CF7       14         0

        CLASS   STRCODE        

        CLASS   STRING         

        CLASS   CONST          

        CLASS   ENTRY          

        CLASS   COMMON         
                cstackCOMMON                         70       70        E         1

        CLASS   BANK0          
                cstackBANK0                          20       20       42         1
                bssBANK0                             62       62        8         1

        CLASS   BANK1          
                dataBANK1                            A0       A0       14         1

        CLASS   BANK2          

        CLASS   BANK3          

        CLASS   RAM            

        CLASS   ABS1           
                abs_s1                               7E       7E        2         1

        CLASS   SFR0           

        CLASS   SFR1           

        CLASS   SFR2           

        CLASS   SFR3           

        CLASS   CONFIG         
                config                             2007     2007        1         4

        CLASS   IDLOC          

        CLASS   EEDATA         

        CLASS   HEAP           

        CLASS   STACK          



SEGMENTS        Name                           Load    Length   Top    Selector   Space  Class     Delta

                reset_vec                      000000  000003  000003         0       0  CODE        2
                text7                          000006  000017  00001D         C       0  CODE        2
                cstackBANK0                    000020  00004A  00006A        20       1  BANK0       1
                text11                         00001D  000027  000044        3A       0  CODE        2
                cstackCOMMON                   000070  00000E  00007E        70       1  COMMON      1
                maintext                       000044  000114  000158        88       0  CODE        2
                dataBANK1                      0000A0  000014  0000B4        A0       1  BANK1       1
                text1                          000158  00017A  0002D2       2B0       0  CODE        2
                text12                         0002D2  0001CF  0004A1       5A4       0  CODE        2
                text10                         0004A1  000345  0007E6       942       0  CODE        2
                cinit                          0007E6  00001A  000800       FCC       0  CODE        2
                inittext                       000CD0  000013  000CE3      19A0       0  CODE        2
                text3                          000CE3  000014  000CF7      19C6       0  CODE        2
                idataBANK1                     000CF7  000014  000D0B      19EE       0  CODE        2
                text4                          000D0B  000025  000D30      1A16       0  CODE        2
                text5                          000D30  000044  000D74      1A60       0  CODE        2
                text9                          000D74  000078  000DEC      1AE8       0  CODE        2
                text6                          000DEC  00007B  000E67      1BD8       0  CODE        2
                text8                          000E67  0000B8  000F1F      1CCE       0  CODE        2
                text2                          000F1F  0000E1  001000      1E3E       0  CODE        2


UNUSED ADDRESS RANGES

        Name                Unused          Largest block    Delta
        BANK0            006A-006F              6           1
        BANK1            00B4-00EF             3C           1
        BANK2            0110-016F             60           1
        BANK3            0190-01EF             60           1
        CODE             0003-0005              3           2
                         0800-0CCF            4D0
                         1000-1FFF            800
        CONST            0003-0005              3           2
                         0800-0CCF            100
                         1000-1FFF            100
        EEDATA           2100-21FF            100           2
        ENTRY            0003-0005              3           2
                         0800-0CCF            100
                         1000-1FFF            100
        IDLOC            2000-2003              4           2
        RAM              006A-006F              6           1
                         00B4-00EF             3C
                         0110-016F             60
                         0190-01EF             60
        SFR0             0000-001F             20           1
        SFR1             0080-009F             20           1
        SFR2             0100-010F             10           1
        SFR3             0180-018F             10           1
        STRCODE          0003-0005              3           2
                         0800-0CCF            4D0
                         1000-1FFF           1000
        STRING           0003-0005              3           2
                         0800-0CCF            100
                         1000-1FFF            100

                                  Symbol Table

?__Umul8_16              cstackCOMMON 0070
?___fldiv                cstackBANK0  003A
?___flmul                cstackBANK0  0020
?___fltol                cstackBANK0  0054
?___lwdiv                cstackCOMMON 0070
?___wmul                 cstackCOMMON 0077
?___xxtofl               cstackCOMMON 0070
_ADCON0                  (abs)        001F
_ADCON1                  (abs)        009F
_ADRESH                  (abs)        001E
_ADRESL                  (abs)        009E
_CCP1CON                 (abs)        0017
_CCPR1L                  (abs)        0015
_PORTC                   (abs)        0007
_PORTD                   (abs)        0008
_PR2                     (abs)        0092
_T2CON                   (abs)        0012
_TRISA                   (abs)        0085
_TRISC                   (abs)        0087
_TRISD                   (abs)        0088
__H__absolute__          __absolute__ 0000
__Habs1                  abs1         0000
__Hbank0                 bank0        0000
__Hbank1                 bank1        0000
__Hbank2                 bank2        0000
__Hbank3                 bank3        0000
__HbssBANK0              bssBANK0     0000
__Hcinit                 cinit        0800
__Hclrtext               clrtext      0000
__Hcode                  code         0000
__Hcommon                common       0000
__Hconfig                config       2008
__HcstackBANK0           cstackBANK0  0000
__HcstackCOMMON          cstackCOMMON 0000
__HdataBANK1             dataBANK1    0000
__Heeprom_data           eeprom_data  0000
__Hend_init              end_init     0003
__Hfunctab               functab      0000
__Hheap                  heap         0000
__HidataBANK1            idataBANK1   0000
__Hinit                  init         0000
__Hinittext              inittext     0000
__Hintentry              intentry     0000
__Hmaintext              maintext     0000
__Hpowerup               powerup      0000
__Hram                   ram          0000
__Hreset_vec             reset_vec    0000
__Hsfr0                  sfr0         0000
__Hsfr1                  sfr1         0000
__Hsfr2                  sfr2         0000
__Hsfr3                  sfr3         0000
__Hsivt                  sivt         0000
__Hspace_0               (abs)        1000
__Hspace_1               (abs)        00B4
__Hspace_2               (abs)        0000
__Hspace_3               (abs)        0000
__Hspace_4               (abs)        400F
__Hstack                 stack        0000
__Hstrings               strings      0000
__Htext                  text         0000
__L__absolute__          __absolute__ 0000
__Labs1                  abs1         0000
__Lbank0                 bank0        0000
__Lbank1                 bank1        0000
__Lbank2                 bank2        0000
__Lbank3                 bank3        0000
__LbssBANK0              bssBANK0     0000
__Lcinit                 cinit        07E6
__Lclrtext               clrtext      0000
__Lcode                  code         0000
__Lcommon                common       0000
__Lconfig                config       0000
__LcstackBANK0           cstackBANK0  0000
__LcstackCOMMON          cstackCOMMON 0000
__LdataBANK1             dataBANK1    0000
__Leeprom_data           eeprom_data  0000
__Lend_init              end_init     0000
__Lfunctab               functab      0000
__Lheap                  heap         0000
__LidataBANK1            idataBANK1   0000
__Linit                  init         0000
__Linittext              inittext     0000
__Lintentry              intentry     0000
__Lmaintext              maintext     0000
__Lpowerup               powerup      0000
__Lram                   ram          0000
__Lreset_vec             reset_vec    0000
__Lsfr0                  sfr0         0000
__Lsfr1                  sfr1         0000
__Lsfr2                  sfr2         0000
__Lsfr3                  sfr3         0000
__Lsivt                  sivt         0000
__Lspace_0               (abs)        0000
__Lspace_1               (abs)        0000
__Lspace_2               (abs)        0000
__Lspace_3               (abs)        0000
__Lspace_4               (abs)        0000
__Lstack                 stack        0000
__Lstrings               strings      0000
__Ltext                  text         0000
__S0                     (abs)        1000
__S1                     (abs)        00B4
__S3                     (abs)        0000
__Umul8_16               text11       001D
__Umul8_16@multiplicand  cstackCOMMON 0070
__Umul8_16@multiplier    cstackCOMMON 0078
__Umul8_16@product       cstackCOMMON 0074
__Umul8_16@word_mpld     cstackCOMMON 0076
___fldiv                 text12       02D2
___fldiv@a               cstackBANK0  003A
___fldiv@aexp            cstackBANK0  0053
___fldiv@b               cstackBANK0  003E
___fldiv@bexp            cstackBANK0  0052
___fldiv@grs             cstackBANK0  004E
___fldiv@new_exp         cstackBANK0  004C
___fldiv@rem             cstackBANK0  0047
___fldiv@sign            cstackBANK0  004B
___flmul                 text10       04A1
___flmul@a               cstackBANK0  0024
___flmul@aexp            cstackBANK0  0032
___flmul@b               cstackBANK0  0020
___flmul@bexp            cstackBANK0  0033
___flmul@grs             cstackBANK0  002E
___flmul@prod            cstackBANK0  0034
___flmul@sign            cstackBANK0  002D
___flmul@temp            cstackBANK0  0038
___fltol                 text9        0D74
___fltol@exp1            cstackBANK0  005D
___fltol@f1              cstackBANK0  0054
___fltol@sign1           cstackBANK0  005C
___heap_hi               (abs)        0000
___heap_lo               (abs)        0000
___int_sp                stack        0000
___int_stack_hi          stack        0000
___int_stack_lo          stack        0000
___latbits               (abs)        0002
___lwdiv                 text5        0D30
___lwdiv@counter         cstackCOMMON 0076
___lwdiv@dividend        cstackCOMMON 0072
___lwdiv@divisor         cstackCOMMON 0070
___lwdiv@quotient        cstackCOMMON 0074
___sp                    stack        0000
___stack_hi              stack        0000
___stack_lo              stack        0000
___stackhi               (abs)        0000
___stacklo               (abs)        0000
___wmul                  text4        0D0B
___wmul@multiplicand     cstackCOMMON 0079
___wmul@multiplier       cstackCOMMON 0077
___wmul@product          cstackCOMMON 007B
___xxtofl                text8        0E67
___xxtofl@arg            cstackCOMMON 007A
___xxtofl@exp            cstackCOMMON 0079
___xxtofl@sign           cstackCOMMON 0078
___xxtofl@val            cstackCOMMON 0070
__end_of__Umul8_16       text11       0044
__end_of___fldiv         text12       04A1
__end_of___flmul         text10       07E6
__end_of___fltol         text9        0DEC
__end_of___lwdiv         text5        0D74
__end_of___wmul          text4        0D30
__end_of___xxtofl        text8        0F1F
__end_of__initialization cinit        07FC
__end_of_init            text6        0E67
__end_of_lcd_com         text7        001D
__end_of_lcd_data        text3        0CF7
__end_of_lcd_output_cal  text2        1000
__end_of_lcd_output_raw  text1        02D2
__end_of_main            maintext     0158
__initialization         cinit        07E6
__pbssBANK0              bssBANK0     0062
__pcstackBANK0           cstackBANK0  0020
__pcstackCOMMON          cstackCOMMON 0070
__pdataBANK1             dataBANK1    00A0
__pidataBANK1            idataBANK1   0CF7
__pmaintext              maintext     0044
__ptext1                 text1        0158
__ptext10                text10       04A1
__ptext11                text11       001D
__ptext12                text12       02D2
__ptext2                 text2        0F1F
__ptext3                 text3        0CE3
__ptext4                 text4        0D0B
__ptext5                 text5        0D30
__ptext6                 text6        0DEC
__ptext7                 text7        0006
__ptext8                 text8        0E67
__ptext9                 text9        0D74
_adc_high                bssBANK0     0066
_adc_low                 bssBANK0     0068
_init                    text6        0DEC
_lcd_com                 text7        0006
_lcd_data                text3        0CE3
_lcd_output_cal          text2        0F1F
_lcd_output_raw          text1        0158
_main                    maintext     0044
_msg_1                   dataBANK1    00AA
_msg_2                   dataBANK1    00A0
_result                  bssBANK0     0064
_volt                    bssBANK0     0062
btemp                    (abs)        007E
end_of_initialization    cinit        07FC
init_fetch0              inittext     0CD0
init_ram0                inittext     0CD4
intlevel0                functab      0000
intlevel1                functab      0000
intlevel2                functab      0000
intlevel3                functab      0000
intlevel4                functab      0000
intlevel5                functab      0000
lcd_com@i                cstackCOMMON 0072
lcd_data@i               cstackCOMMON 0072
lcd_output_cal@i         cstackBANK0  0020
lcd_output_cal@j         cstackBANK0  0029
lcd_output_cal@k         cstackBANK0  0024
lcd_output_cal@m         cstackBANK0  002B
lcd_output_cal@s         cstackBANK0  0022
lcd_output_raw@i         cstackBANK0  0020
lcd_output_raw@j         cstackBANK0  0024
lcd_output_raw@k         cstackBANK0  0026
lcd_output_raw@m         cstackBANK0  002B
lcd_output_raw@s         cstackBANK0  0022
main@i                   cstackBANK0  0060
reset_vec                reset_vec    0000
start                    init         0000
start_initialization     cinit        07E6
wtemp0                   (abs)        007E


MODULE INFORMATION

Module		Function		Class		Link	Load	Size
C:\Program Files\Microchip\xc8\v2.46\pic\sources\c99\common\fltol.c
		___fltol       		CODE           	0D74	0000	120

C:\Program Files\Microchip\xc8\v2.46\pic\sources\c99\common\fltol.c estimated size: 120

C:\Program Files\Microchip\xc8\v2.46\pic\sources\c99\common\Umul8_16.c
		__Umul8_16     		CODE           	001D	0000	39

C:\Program Files\Microchip\xc8\v2.46\pic\sources\c99\common\Umul8_16.c estimated size: 39

C:\Program Files\Microchip\xc8\v2.46\pic\sources\c99\common\lwdiv.c
		___lwdiv       		CODE           	0D30	0000	68

C:\Program Files\Microchip\xc8\v2.46\pic\sources\c99\common\lwdiv.c estimated size: 68

C:\Program Files\Microchip\xc8\v2.46\pic\sources\c99\common\xxtofl.c
		___xxtofl      		CODE           	0E67	0000	184

C:\Program Files\Microchip\xc8\v2.46\pic\sources\c99\common\xxtofl.c estimated size: 184

C:\Program Files\Microchip\xc8\v2.46\pic\sources\c99\common\sprcmul.c
		___flmul       		CODE           	04A1	0000	837

C:\Program Files\Microchip\xc8\v2.46\pic\sources\c99\common\sprcmul.c estimated size: 837

C:\Program Files\Microchip\xc8\v2.46\pic\sources\c99\common\sprcdiv.c
		___fldiv       		CODE           	02D2	0000	463

C:\Program Files\Microchip\xc8\v2.46\pic\sources\c99\common\sprcdiv.c estimated size: 463

ADC+PWM_CLASS.c
		_lcd_com       		CODE           	0006	0000	23
		_init          		CODE           	0DEC	0000	123
		_lcd_data      		CODE           	0CE3	0000	20
		_lcd_output_cal		CODE           	0F1F	0000	225
		_lcd_output_raw		CODE           	0158	0000	378
		_main          		CODE           	0044	0000	276

ADC+PWM_CLASS.c estimated size: 1045

shared
		__initialization		CODE           	07E6	0000	22

shared estimated size: 22

C:\Program Files\Microchip\xc8\v2.46\pic\sources\c99\common\Umul16.c
		___wmul        		CODE           	0D0B	0000	37

C:\Program Files\Microchip\xc8\v2.46\pic\sources\c99\common\Umul16.c estimated size: 37

