Microchip MPLAB XC8 Compiler V2.46

Linker command line:

-W-3 \
  --edf=C:\Program Files\Microchip\xc8\v2.46\pic\dat\20240104201356_en.msgs \
  -cn -h+dist/default/production\RTC_task.X.production.sym \
  --cmf=dist/default/production\RTC_task.X.production.cmf -z -Q16F877A \
  -oC:\Users\DELL~1\AppData\Local\Temp\xcAsgbc.\driver_tmp_3.o \
  --defsym=__MPLAB_BUILD=1 --fixupoverflow=error \
  -Mdist/default/production/RTC_task.X.production.map \
  --md=C:\Users\DELL~1\AppData\Local\Temp\xcAsgbc.\driver_tmp_0.dat -E1 \
  -ver=XC8 Compiler --acfsm=1493 -ACODE=00h-07FFhx4 -ASTRCODE=00h-01FFFh \
  -ASTRING=00h-0FFhx32 -ACONST=00h-0FFhx32 -AENTRY=00h-0FFhx32 \
  -ACOMMON=070h-07Fh -ABANK0=020h-06Fh -ABANK1=0A0h-0EFh \
  -ABANK2=0110h-016Fh -ABANK3=0190h-01EFh \
  -ARAM=020h-06Fh,0A0h-0EFh,0110h-016Fh,0190h-01EFh \
  -AABS1=020h-07Fh,0A0h-0EFh,0110h-016Fh,0190h-01EFh -ASFR0=00h-01Fh \
  -ASFR1=080h-09Fh -ASFR2=0100h-010Fh -ASFR3=0180h-018Fh \
  -ACONFIG=02007h-02007h -DCONFIG=2 -AIDLOC=02000h-02003h -DIDLOC=2 \
  -AEEDATA=00h-0FFh/02100h -peeprom_data=EEDATA -DEEDATA=2 -DCODE=2 \
  -DSTRCODE=2 -DSTRING=2 -DCONST=2 -DENTRY=2 \
  -preset_vec=00h,intentry,sivt,init,end_init -ppowerup=CODE -pcinit=CODE \
  -pfunctab=ENTRY -k \
  C:\Users\DELL~1\AppData\Local\Temp\xcAsgbc.\driver_tmp_12.o \
  dist/default/production\RTC_task.X.production.o 

Object code version is 3.11

Machine type is 16F877A



                Name                               Link     Load   Length Selector   Space Scale
C:\Users\DELL~1\AppData\Local\Temp\xcAsgbc.\driver_tmp_12.o
                end_init                              0        0        3        0       0
                config                             2007     2007        1        0       4
dist/default/production\RTC_task.X.production.o
                cinit                               7E2      7E2       1E      FC4       0
                config                             2007     2007        1        0       4
                text18                              364      364       68      6C8       0
                text17                              210      210       46      420       0
                text16                              256      256       4E      4AC       0
                text15                               EC       EC       1C      1D8       0
                text14                              1CB      1CB       45      396       0
                text13                              108      108       1C      210       0
                text12                              2FD      2FD       67      5FA       0
                text11                              2A4      2A4       59      548       0
                text10                              19B      19B       30      336       0
                text9                                B5       B5        D      16A       0
                text8                                98       98        9      130       0
                text7                                A1       A1        9      142       0
                text6                                AA       AA        B      154       0
                text5                               3CC      3CC       84      798       0
                text4                               124      124       25      248       0
                text3                               149      149       25      292       0
                text2                               16E      16E       2D      2DC       0
                text1                               450      450      197      8A0       0
                maintext                            5E7      5E7      1FB      BCE       0
                cstackBANK0                          20       20       1E       20       1
                cstackCOMMON                         70       70        E       70       1
                inittext                             C2       C2       13      184       0
                dataBANK0                            3E       3E       17       20       1
                bssBANK0                             55       55        C       20       1
                idataBANK0                           D5       D5       17      1AA       0

TOTAL           Name                               Link     Load   Length     Space
        CLASS   CODE           
                end_init                              0        0        3         0
                cinit                               7E2      7E2       1E         0
                text18                              364      364       68         0
                text17                              210      210       46         0
                text16                              256      256       4E         0
                text15                               EC       EC       1C         0
                text14                              1CB      1CB       45         0
                text13                              108      108       1C         0
                text12                              2FD      2FD       67         0
                text11                              2A4      2A4       59         0
                text10                              19B      19B       30         0
                text9                                B5       B5        D         0
                text8                                98       98        9         0
                text7                                A1       A1        9         0
                text6                                AA       AA        B         0
                text5                               3CC      3CC       84         0
                text4                               124      124       25         0
                text3                               149      149       25         0
                text2                               16E      16E       2D         0
                text1                               450      450      197         0
                maintext                            5E7      5E7      1FB         0
                inittext                             C2       C2       13         0
                idataBANK0                           D5       D5       17         0

        CLASS   STRCODE        

        CLASS   STRING         

        CLASS   CONST          

        CLASS   ENTRY          

        CLASS   COMMON         
                cstackCOMMON                         70       70        E         1

        CLASS   BANK0          
                cstackBANK0                          20       20       1E         1
                dataBANK0                            3E       3E       17         1
                bssBANK0                             55       55        C         1

        CLASS   BANK1          

        CLASS   BANK2          

        CLASS   BANK3          

        CLASS   RAM            

        CLASS   ABS1           
                abs_s1                               7E       7E        2         1

        CLASS   SFR0           

        CLASS   SFR1           

        CLASS   SFR2           

        CLASS   SFR3           

        CLASS   CONFIG         
                config                             2007     2007        1         4

        CLASS   IDLOC          

        CLASS   EEDATA         

        CLASS   HEAP           

        CLASS   STACK          



SEGMENTS        Name                           Load    Length   Top    Selector   Space  Class     Delta

                reset_vec                      000000  000003  000003         0       0  CODE        2
                cstackBANK0                    000020  000041  000061        20       1  BANK0       1
                cstackCOMMON                   000070  00000E  00007E        70       1  COMMON      1
                text8                          000098  000009  0000A1       130       0  CODE        2
                text7                          0000A1  000009  0000AA       142       0  CODE        2
                text6                          0000AA  00000B  0000B5       154       0  CODE        2
                text9                          0000B5  00000D  0000C2       16A       0  CODE        2
                inittext                       0000C2  000013  0000D5       184       0  CODE        2
                idataBANK0                     0000D5  000017  0000EC       1AA       0  CODE        2
                text15                         0000EC  00001C  000108       1D8       0  CODE        2
                text13                         000108  00001C  000124       210       0  CODE        2
                text4                          000124  000025  000149       248       0  CODE        2
                text3                          000149  000025  00016E       292       0  CODE        2
                text2                          00016E  00002D  00019B       2DC       0  CODE        2
                text10                         00019B  000030  0001CB       336       0  CODE        2
                text14                         0001CB  000045  000210       396       0  CODE        2
                text17                         000210  000046  000256       420       0  CODE        2
                text16                         000256  00004E  0002A4       4AC       0  CODE        2
                text11                         0002A4  000059  0002FD       548       0  CODE        2
                text12                         0002FD  000067  000364       5FA       0  CODE        2
                text18                         000364  000068  0003CC       6C8       0  CODE        2
                text5                          0003CC  000084  000450       798       0  CODE        2
                text1                          000450  000197  0005E7       8A0       0  CODE        2
                maintext                       0005E7  0001FB  0007E2       BCE       0  CODE        2
                cinit                          0007E2  00001E  000800       FC4       0  CODE        2


UNUSED ADDRESS RANGES

        Name                Unused          Largest block    Delta
        BANK0            0061-006F              F           1
        BANK1            00A0-00EF             50           1
        BANK2            0110-016F             60           1
        BANK3            0190-01EF             60           1
        CODE             0003-0097             95           2
                         0800-1FFF            800
        CONST            0003-0097             95           2
                         0800-1FFF            100
        EEDATA           2100-21FF            100           2
        ENTRY            0003-0097             95           2
                         0800-1FFF            100
        IDLOC            2000-2003              4           2
        RAM              0061-006F              F           1
                         00A0-00EF             50
                         0110-016F             60
                         0190-01EF             60
        SFR0             0000-001F             20           1
        SFR1             0080-009F             20           1
        SFR2             0100-010F             10           1
        SFR3             0180-018F             10           1
        STRCODE          0003-0097             95           2
                         0800-1FFF           1800
        STRING           0003-0097             95           2
                         0800-1FFF            100

                                  Symbol Table

?___awdiv                cstackCOMMON 0070
?___awmod                cstackCOMMON 0070
?___lldiv                cstackBANK0  0020
?___lmul                 cstackCOMMON 0070
?___wmul                 cstackCOMMON 0070
?_bcd_2_dec              cstackCOMMON 0076
?_dec_2_bcd              cstackCOMMON 0078
?_i2c_read               cstackCOMMON 0070
_ACKDT                   (abs)        048D
_ACKEN                   (abs)        048C
_PEN                     (abs)        048A
_PORTD                   (abs)        0008
_RC1                     (abs)        0039
_RC2                     (abs)        003A
_RCEN                    (abs)        048B
_SEN                     (abs)        0488
_SSPADD                  (abs)        0093
_SSPBUF                  (abs)        0013
_SSPCON                  (abs)        0014
_SSPCON2                 (abs)        0091
_SSPSTAT                 (abs)        0094
_TRISC                   (abs)        0087
_TRISD                   (abs)        0088
__H__absolute__          __absolute__ 0000
__Habs1                  abs1         0000
__Hbank0                 bank0        0000
__Hbank1                 bank1        0000
__Hbank2                 bank2        0000
__Hbank3                 bank3        0000
__HbssBANK0              bssBANK0     0000
__Hcinit                 cinit        0800
__Hclrtext               clrtext      0000
__Hcode                  code         0000
__Hcommon                common       0000
__Hconfig                config       2008
__HcstackBANK0           cstackBANK0  0000
__HcstackCOMMON          cstackCOMMON 0000
__HdataBANK0             dataBANK0    0000
__Heeprom_data           eeprom_data  0000
__Hend_init              end_init     0003
__Hfunctab               functab      0000
__Hheap                  heap         0000
__HidataBANK0            idataBANK0   0000
__Hinit                  init         0000
__Hinittext              inittext     0000
__Hintentry              intentry     0000
__Hmaintext              maintext     0000
__Hpowerup               powerup      0000
__Hram                   ram          0000
__Hreset_vec             reset_vec    0000
__Hsfr0                  sfr0         0000
__Hsfr1                  sfr1         0000
__Hsfr2                  sfr2         0000
__Hsfr3                  sfr3         0000
__Hsivt                  sivt         0000
__Hspace_0               (abs)        0800
__Hspace_1               (abs)        007E
__Hspace_2               (abs)        0000
__Hspace_3               (abs)        0000
__Hspace_4               (abs)        400F
__Hstack                 stack        0000
__Hstrings               strings      0000
__Htext                  text         0000
__L__absolute__          __absolute__ 0000
__Labs1                  abs1         0000
__Lbank0                 bank0        0000
__Lbank1                 bank1        0000
__Lbank2                 bank2        0000
__Lbank3                 bank3        0000
__LbssBANK0              bssBANK0     0000
__Lcinit                 cinit        07E2
__Lclrtext               clrtext      0000
__Lcode                  code         0000
__Lcommon                common       0000
__Lconfig                config       0000
__LcstackBANK0           cstackBANK0  0000
__LcstackCOMMON          cstackCOMMON 0000
__LdataBANK0             dataBANK0    0000
__Leeprom_data           eeprom_data  0000
__Lend_init              end_init     0000
__Lfunctab               functab      0000
__Lheap                  heap         0000
__LidataBANK0            idataBANK0   0000
__Linit                  init         0000
__Linittext              inittext     0000
__Lintentry              intentry     0000
__Lmaintext              maintext     0000
__Lpowerup               powerup      0000
__Lram                   ram          0000
__Lreset_vec             reset_vec    0000
__Lsfr0                  sfr0         0000
__Lsfr1                  sfr1         0000
__Lsfr2                  sfr2         0000
__Lsfr3                  sfr3         0000
__Lsivt                  sivt         0000
__Lspace_0               (abs)        0000
__Lspace_1               (abs)        0000
__Lspace_2               (abs)        0000
__Lspace_3               (abs)        0000
__Lspace_4               (abs)        0000
__Lstack                 stack        0000
__Lstrings               strings      0000
__Ltext                  text         0000
__S0                     (abs)        0800
__S1                     (abs)        007E
__S3                     (abs)        0000
___awdiv                 text12       02FD
___awdiv@counter         cstackCOMMON 0074
___awdiv@dividend        cstackCOMMON 0072
___awdiv@divisor         cstackCOMMON 0070
___awdiv@quotient        cstackCOMMON 0076
___awdiv@sign            cstackCOMMON 0075
___awmod                 text11       02A4
___awmod@counter         cstackCOMMON 0074
___awmod@dividend        cstackCOMMON 0072
___awmod@divisor         cstackCOMMON 0070
___awmod@sign            cstackCOMMON 0075
___heap_hi               (abs)        0000
___heap_lo               (abs)        0000
___int_sp                stack        0000
___int_stack_hi          stack        0000
___int_stack_lo          stack        0000
___latbits               (abs)        0002
___lldiv                 text18       0364
___lldiv@counter         cstackBANK0  002C
___lldiv@dividend        cstackBANK0  0024
___lldiv@divisor         cstackBANK0  0020
___lldiv@quotient        cstackBANK0  0028
___lmul                  text17       0210
___lmul@multiplicand     cstackCOMMON 0074
___lmul@multiplier       cstackCOMMON 0070
___lmul@product          cstackCOMMON 0079
___sp                    stack        0000
___stack_hi              stack        0000
___stack_lo              stack        0000
___stackhi               (abs)        0000
___stacklo               (abs)        0000
___wmul                  text4        0124
___wmul@multiplicand     cstackCOMMON 0072
___wmul@multiplier       cstackCOMMON 0070
___wmul@product          cstackCOMMON 0074
__end_of___awdiv         text12       0364
__end_of___awmod         text11       02FD
__end_of___lldiv         text18       03CC
__end_of___lmul          text17       0256
__end_of___wmul          text4        0149
__end_of__initialization cinit        07FC
__end_of_bcd_2_dec       text3        016E
__end_of_dec_2_bcd       text10       01CB
__end_of_i2c_init        text16       02A4
__end_of_i2c_read        text2        019B
__end_of_i2c_start       text8        00A1
__end_of_i2c_stop        text7        00AA
__end_of_i2c_wait        text9        00C2
__end_of_i2c_write       text6        00B5
__end_of_init            text14       0210
__end_of_lcd_command     text15       0108
__end_of_lcd_data        text13       0124
__end_of_main            maintext     07E2
__end_of_settime         text5        0450
__end_of_update          text1        05E7
__initialization         cinit        07E2
__pbssBANK0              bssBANK0     0055
__pcstackBANK0           cstackBANK0  0020
__pcstackCOMMON          cstackCOMMON 0070
__pdataBANK0             dataBANK0    003E
__pidataBANK0            idataBANK0   00D5
__pmaintext              maintext     05E7
__ptext1                 text1        0450
__ptext10                text10       019B
__ptext11                text11       02A4
__ptext12                text12       02FD
__ptext13                text13       0108
__ptext14                text14       01CB
__ptext15                text15       00EC
__ptext16                text16       0256
__ptext17                text17       0210
__ptext18                text18       0364
__ptext2                 text2        016E
__ptext3                 text3        0149
__ptext4                 text4        0124
__ptext5                 text5        03CC
__ptext6                 text6        00AA
__ptext7                 text7        00A1
__ptext8                 text8        0098
__ptext9                 text9        00B5
_am_pm                   dataBANK0    0054
_bcd_2_dec               text3        0149
_date                    dataBANK0    004C
_date1                   bssBANK0     005A
_date2                   bssBANK0     0059
_dec_2_bcd               text10       019B
_hour                    dataBANK0    004E
_hour1                   bssBANK0     005C
_hour2                   bssBANK0     005B
_i2c_init                text16       0256
_i2c_read                text2        016E
_i2c_start               text8        0098
_i2c_stop                text7        00A1
_i2c_wait                text9        00B5
_i2c_write               text6        00AA
_init                    text14       01CB
_lcd_command             text15       00EC
_lcd_data                text13       0108
_main                    maintext     05E7
_main$97                 cstackBANK0  0038
_min                     dataBANK0    0050
_min1                    bssBANK0     005E
_min2                    bssBANK0     005D
_month                   dataBANK0    004A
_month1                  bssBANK0     0058
_month2                  bssBANK0     0057
_msg1                    dataBANK0    0043
_msg2                    dataBANK0    003E
_sec                     dataBANK0    0052
_sec1                    bssBANK0     0060
_sec2                    bssBANK0     005F
_settime                 text5        03CC
_update                  text1        0450
_year                    dataBANK0    0048
_year1                   bssBANK0     0056
_year2                   bssBANK0     0055
bcd_2_dec@val            cstackCOMMON 0076
btemp                    (abs)        007E
dec_2_bcd@val            cstackCOMMON 0078
end_of_initialization    cinit        07FC
i2c_init@freq_k          cstackBANK0  002D
i2c_read@ack             cstackCOMMON 0070
i2c_read@value           cstackCOMMON 0074
i2c_write@data           cstackCOMMON 0070
init_fetch0              inittext     00C2
init_ram0                inittext     00C6
intlevel0                functab      0000
intlevel1                functab      0000
intlevel2                functab      0000
intlevel3                functab      0000
intlevel4                functab      0000
intlevel5                functab      0000
lcd_command@cmd          cstackCOMMON 0072
lcd_data@data            cstackCOMMON 0072
main@i                   cstackBANK0  003A
main@i_98                cstackBANK0  003C
reset_vec                reset_vec    0000
start                    init         0000
start_initialization     cinit        07E2
wtemp0                   (abs)        007E


MODULE INFORMATION

Module		Function		Class		Link	Load	Size
C:\Program Files\Microchip\xc8\v2.46\pic\sources\c99\common\awdiv.c
		___awdiv       		CODE           	02FD	0000	103

C:\Program Files\Microchip\xc8\v2.46\pic\sources\c99\common\awdiv.c estimated size: 103

RTC_task.c
		_init          		CODE           	01CB	0000	69
		_lcd_command   		CODE           	00EC	0000	28
		_update        		CODE           	0450	0000	407
		_i2c_start     		CODE           	0098	0000	9
		_lcd_data      		CODE           	0108	0000	28
		_main          		CODE           	05E7	0000	507
		_dec_2_bcd     		CODE           	019B	0000	48
		_settime       		CODE           	03CC	0000	132
		_i2c_write     		CODE           	00AA	0000	11
		_i2c_stop      		CODE           	00A1	0000	9
		_i2c_wait      		CODE           	00B5	0000	13
		_i2c_read      		CODE           	016E	0000	45
		_bcd_2_dec     		CODE           	0149	0000	37
		_i2c_init      		CODE           	0256	0000	78

RTC_task.c estimated size: 1421

shared
		__initialization		CODE           	07E2	0000	26

shared estimated size: 26

C:\Program Files\Microchip\xc8\v2.46\pic\sources\c99\common\__lldiv.c
		___lldiv       		CODE           	0364	0000	104

C:\Program Files\Microchip\xc8\v2.46\pic\sources\c99\common\__lldiv.c estimated size: 104

C:\Program Files\Microchip\xc8\v2.46\pic\sources\c99\common\Umul16.c
		___wmul        		CODE           	0124	0000	37

C:\Program Files\Microchip\xc8\v2.46\pic\sources\c99\common\Umul16.c estimated size: 37

C:\Program Files\Microchip\xc8\v2.46\pic\sources\c99\common\awmod.c
		___awmod       		CODE           	02A4	0000	89

C:\Program Files\Microchip\xc8\v2.46\pic\sources\c99\common\awmod.c estimated size: 89

C:\Program Files\Microchip\xc8\v2.46\pic\sources\c99\common\Umul32.c
		___lmul        		CODE           	0210	0000	70

C:\Program Files\Microchip\xc8\v2.46\pic\sources\c99\common\Umul32.c estimated size: 70

