Microchip MPLAB XC8 Compiler V2.46

Linker command line:

-W-3 \
  --edf=C:\Program Files\Microchip\xc8\v2.46\pic\dat\20240104201356_en.msgs \
  -cn -h+dist/default/debug\task4_II.X.debug.sym \
  --cmf=dist/default/debug\task4_II.X.debug.cmf -z -Q16F877A \
  -oC:\Users\DELL~1\AppData\Local\Temp\xcBs1fk.1\driver_tmp_3.o \
  --defsym=__MPLAB_BUILD=1 --fixupoverflow=error \
  -Mdist/default/debug/task4_II.X.debug.map \
  --md=C:\Users\DELL~1\AppData\Local\Temp\xcBs1fk.1\driver_tmp_0.dat -E1 \
  -ver=XC8 Compiler --acfsm=1493 -ACODE=00h-07FFhx4 -ASTRCODE=00h-01FFFh \
  -ASTRING=00h-0FFhx32 -ACONST=00h-0FFhx32 -AENTRY=00h-0FFhx32 \
  -ACOMMON=070h-07Fh -ABANK0=020h-06Fh -ABANK1=0A0h-0EFh \
  -ABANK2=0110h-016Fh -ABANK3=0190h-01EFh \
  -ARAM=020h-06Fh,0A0h-0EFh,0110h-016Fh,0190h-01EFh \
  -AABS1=020h-07Fh,0A0h-0EFh,0110h-016Fh,0190h-01EFh -ASFR0=00h-01Fh \
  -ASFR1=080h-09Fh -ASFR2=0100h-010Fh -ASFR3=0180h-018Fh \
  -ACONFIG=02007h-02007h -DCONFIG=2 -AIDLOC=02000h-02003h -DIDLOC=2 \
  -AEEDATA=00h-0FFh/02100h -peeprom_data=EEDATA -DEEDATA=2 -DCODE=2 \
  -DSTRCODE=2 -DSTRING=2 -DCONST=2 -DENTRY=2 \
  -preset_vec=00h,intentry,sivt,init,end_init -ppowerup=CODE -pcinit=CODE \
  -pfunctab=ENTRY -k \
  C:\Users\DELL~1\AppData\Local\Temp\xcBs1fk.1\driver_tmp_12.o \
  dist/default/debug\task4_II.X.debug.o 

Object code version is 3.11

Machine type is 16F877A



                Name                               Link     Load   Length Selector   Space Scale
C:\Users\DELL~1\AppData\Local\Temp\xcBs1fk.1\driver_tmp_12.o
                end_init                              0        0        3        0       0
                config                             2007     2007        1        0       4
dist/default/debug\task4_II.X.debug.o
                cinit                               7E6      7E6       1A      FCC       0
                config                             2007     2007        1        0       4
                text14                              D9B      D9B       17     1B36       0
                text13                              E7B      E7B       76     1CF6       0
                text12                              DD6      DD6       27     1BAC       0
                text11                              4A1      4A1      345      942       0
                text10                              EF1      EF1       78     1DE2       0
                text9                               E37      E37       44     1C6E       0
                text8                               DFD      DFD       3A     1BFA       0
                text7                                 A        A       59       14       0
                text6                               23D      23D      264      47A       0
                text5                               DB2      DB2       24     1B64       0
                text4                               D73      D73       14     1AE6       0
                text3                                63       63       A2       C6       0
                text2                               F69      F69       97     1ED2       0
                text1                               105      105      138      20A       0
                maintext                            D52      D52        E     1AA4       0
                cstackBANK0                          20       20       27       20       1
                cstackCOMMON                         70       70        E       70       1
                clrtext                             D4A      D4A        8     1A94       0
                inittext                            D60      D60       13     1AC0       0
                dataBANK0                            47       47       14       20       1
                bssBANK0                             5B       5B       10       20       1
                strings                             800      800       2E     1000       0
                idataBANK0                          D87      D87       14     1B0E       0

TOTAL           Name                               Link     Load   Length     Space
        CLASS   CODE           
                end_init                              0        0        3         0
                cinit                               7E6      7E6       1A         0
                text14                              D9B      D9B       17         0
                text13                              E7B      E7B       76         0
                text12                              DD6      DD6       27         0
                text11                              4A1      4A1      345         0
                text10                              EF1      EF1       78         0
                text9                               E37      E37       44         0
                text8                               DFD      DFD       3A         0
                text7                                 A        A       59         0
                text6                               23D      23D      264         0
                text5                               DB2      DB2       24         0
                text4                               D73      D73       14         0
                text3                                63       63       A2         0
                text2                               F69      F69       97         0
                text1                               105      105      138         0
                maintext                            D52      D52        E         0
                clrtext                             D4A      D4A        8         0
                inittext                            D60      D60       13         0
                idataBANK0                          D87      D87       14         0

        CLASS   STRCODE        

        CLASS   STRING         
                strings                             800      800       2E         0

        CLASS   CONST          

        CLASS   ENTRY          

        CLASS   COMMON         
                cstackCOMMON                         70       70        E         1

        CLASS   BANK0          
                cstackBANK0                          20       20       27         1
                dataBANK0                            47       47       14         1
                bssBANK0                             5B       5B       10         1

        CLASS   BANK1          

        CLASS   BANK2          

        CLASS   BANK3          

        CLASS   RAM            

        CLASS   ABS1           
                abs_s1                               7E       7E        2         1

        CLASS   SFR0           

        CLASS   SFR1           

        CLASS   SFR2           

        CLASS   SFR3           

        CLASS   CONFIG         
                config                             2007     2007        1         4

        CLASS   IDLOC          

        CLASS   EEDATA         

        CLASS   HEAP           

        CLASS   STACK          



SEGMENTS        Name                           Load    Length   Top    Selector   Space  Class     Delta

                reset_vec                      000000  000003  000003         0       0  CODE        2
                text7                          00000A  000059  000063        14       0  CODE        2
                cstackBANK0                    000020  00004B  00006B        20       1  BANK0       1
                cstackCOMMON                   000070  00000E  00007E        70       1  COMMON      1
                text3                          000063  0000A2  000105        C6       0  CODE        2
                text1                          000105  000138  00023D       20A       0  CODE        2
                text6                          00023D  000264  0004A1       47A       0  CODE        2
                text11                         0004A1  000345  0007E6       942       0  CODE        2
                cinit                          0007E6  00001A  000800       FCC       0  CODE        2
                strings                        000800  00002E  00082E      1000       0  STRING      2
                clrtext                        000D4A  000008  000D52      1A94       0  CODE        2
                maintext                       000D52  00000E  000D60      1AA4       0  CODE        2
                inittext                       000D60  000013  000D73      1AC0       0  CODE        2
                text4                          000D73  000014  000D87      1AE6       0  CODE        2
                idataBANK0                     000D87  000014  000D9B      1B0E       0  CODE        2
                text14                         000D9B  000017  000DB2      1B36       0  CODE        2
                text5                          000DB2  000024  000DD6      1B64       0  CODE        2
                text12                         000DD6  000027  000DFD      1BAC       0  CODE        2
                text8                          000DFD  00003A  000E37      1BFA       0  CODE        2
                text9                          000E37  000044  000E7B      1C6E       0  CODE        2
                text13                         000E7B  000076  000EF1      1CF6       0  CODE        2
                text10                         000EF1  000078  000F69      1DE2       0  CODE        2
                text2                          000F69  000097  001000      1ED2       0  CODE        2


UNUSED ADDRESS RANGES

        Name                Unused          Largest block    Delta
        BANK0            006B-006F              5           1
        BANK1            00A0-00EF             50           1
        BANK2            0110-016F             60           1
        BANK3            0190-01EF             60           1
        CODE             0003-0009              7           2
                         082E-0D49            51C
                         1000-1FFF            800
        CONST            0003-0009              7           2
                         082E-0D49            100
                         1000-1FFF            100
        EEDATA           2100-21FF            100           2
        ENTRY            0003-0009              7           2
                         082E-0D49            100
                         1000-1FFF            100
        IDLOC            2000-2003              4           2
        RAM              006B-006F              5           1
                         00A0-00EF             50
                         0110-016F             60
                         0190-01EF             60
        SFR0             0000-001F             20           1
        SFR1             0080-009F             20           1
        SFR2             0100-010F             10           1
        SFR3             0180-018F             10           1
        STRCODE          0003-0009              7           2
                         082E-0D49            51C
                         1000-1FFF           1000
        STRING           0003-0009              7           2
                         082E-0D49            100
                         1000-1FFF            100

                                  Symbol Table

?__Umul8_16              cstackCOMMON 0070
?___fladd                cstackCOMMON 0070
?___flmul                cstackBANK0  0020
?___flsub                cstackBANK0  0028
?___fltol                cstackBANK0  0035
?___lwdiv                cstackCOMMON 0070
?___lwmod                cstackCOMMON 0070
Lcd_command@i            cstackCOMMON 0072
Lcd_data@i               cstackCOMMON 0072
Lcd_output@i             cstackBANK0  0045
Lcd_output@voltage       cstackBANK0  003F
_Lcd_command             text14       0D9B
_Lcd_data                text4        0D73
_Lcd_output              text7        000A
_OPTION_REG              (abs)        0081
_PORTB                   (abs)        0006
_PORTC                   (abs)        0007
_PORTD                   (abs)        0008
_TRISB                   (abs)        0086
_TRISC                   (abs)        0087
_TRISD                   (abs)        0088
__H__absolute__          __absolute__ 0000
__Habs1                  abs1         0000
__Hbank0                 bank0        0000
__Hbank1                 bank1        0000
__Hbank2                 bank2        0000
__Hbank3                 bank3        0000
__HbssBANK0              bssBANK0     0000
__Hcinit                 cinit        0800
__Hclrtext               clrtext      0000
__Hcode                  code         0000
__Hcommon                common       0000
__Hconfig                config       2008
__HcstackBANK0           cstackBANK0  0000
__HcstackCOMMON          cstackCOMMON 0000
__HdataBANK0             dataBANK0    0000
__Heeprom_data           eeprom_data  0000
__Hend_init              end_init     0003
__Hfunctab               functab      0000
__Hheap                  heap         0000
__HidataBANK0            idataBANK0   0000
__Hinit                  init         0000
__Hinittext              inittext     0000
__Hintentry              intentry     0000
__Hmaintext              maintext     0000
__Hpowerup               powerup      0000
__Hram                   ram          0000
__Hreset_vec             reset_vec    0000
__Hsfr0                  sfr0         0000
__Hsfr1                  sfr1         0000
__Hsfr2                  sfr2         0000
__Hsfr3                  sfr3         0000
__Hsivt                  sivt         0000
__Hspace_0               (abs)        1000
__Hspace_1               (abs)        007E
__Hspace_2               (abs)        0000
__Hspace_3               (abs)        0000
__Hspace_4               (abs)        400F
__Hstack                 stack        0000
__Hstrings               strings      0000
__Htext                  text         0000
__L__absolute__          __absolute__ 0000
__Labs1                  abs1         0000
__Lbank0                 bank0        0000
__Lbank1                 bank1        0000
__Lbank2                 bank2        0000
__Lbank3                 bank3        0000
__LbssBANK0              bssBANK0     0000
__Lcinit                 cinit        07E6
__Lclrtext               clrtext      0000
__Lcode                  code         0000
__Lcommon                common       0000
__Lconfig                config       0000
__LcstackBANK0           cstackBANK0  0000
__LcstackCOMMON          cstackCOMMON 0000
__LdataBANK0             dataBANK0    0000
__Leeprom_data           eeprom_data  0000
__Lend_init              end_init     0000
__Lfunctab               functab      0000
__Lheap                  heap         0000
__LidataBANK0            idataBANK0   0000
__Linit                  init         0000
__Linittext              inittext     0000
__Lintentry              intentry     0000
__Lmaintext              maintext     0000
__Lpowerup               powerup      0000
__Lram                   ram          0000
__Lreset_vec             reset_vec    0000
__Lsfr0                  sfr0         0000
__Lsfr1                  sfr1         0000
__Lsfr2                  sfr2         0000
__Lsfr3                  sfr3         0000
__Lsivt                  sivt         0000
__Lspace_0               (abs)        0000
__Lspace_1               (abs)        0000
__Lspace_2               (abs)        0000
__Lspace_3               (abs)        0000
__Lspace_4               (abs)        0000
__Lstack                 stack        0000
__Lstrings               strings      0000
__Ltext                  text         0000
__S0                     (abs)        1000
__S1                     (abs)        007E
__S3                     (abs)        0000
__Umul8_16               text12       0DD6
__Umul8_16@multiplicand  cstackCOMMON 0070
__Umul8_16@multiplier    cstackCOMMON 0078
__Umul8_16@product       cstackCOMMON 0074
__Umul8_16@word_mpld     cstackCOMMON 0076
___fladd                 text6        023D
___fladd@a               cstackCOMMON 0074
___fladd@aexp            cstackCOMMON 0079
___fladd@b               cstackCOMMON 0070
___fladd@bexp            cstackCOMMON 007A
___fladd@grs             cstackCOMMON 007B
___fladd@signs           cstackCOMMON 0078
___flge                  text3        0063
___flge@ff1              cstackCOMMON 0070
___flge@ff2              cstackCOMMON 0074
___flmul                 text11       04A1
___flmul@a               cstackBANK0  0024
___flmul@aexp            cstackBANK0  002D
___flmul@b               cstackBANK0  0020
___flmul@bexp            cstackBANK0  002E
___flmul@grs             cstackBANK0  0029
___flmul@prod            cstackBANK0  002F
___flmul@sign            cstackBANK0  0028
___flmul@temp            cstackBANK0  0033
___flsub                 text5        0DB2
___flsub@a               cstackBANK0  0028
___flsub@b               cstackBANK0  002C
___fltol                 text10       0EF1
___fltol@exp1            cstackBANK0  003E
___fltol@f1              cstackBANK0  0035
___fltol@sign1           cstackBANK0  003D
___heap_hi               (abs)        0000
___heap_lo               (abs)        0000
___int_sp                stack        0000
___int_stack_hi          stack        0000
___int_stack_lo          stack        0000
___latbits               (abs)        0002
___lwdiv                 text9        0E37
___lwdiv@counter         cstackCOMMON 0076
___lwdiv@dividend        cstackCOMMON 0072
___lwdiv@divisor         cstackCOMMON 0070
___lwdiv@quotient        cstackCOMMON 0074
___lwmod                 text8        0DFD
___lwmod@counter         cstackCOMMON 0074
___lwmod@dividend        cstackCOMMON 0072
___lwmod@divisor         cstackCOMMON 0070
___sp                    stack        0000
___stack_hi              stack        0000
___stack_lo              stack        0000
___stackhi               (abs)        0000
___stacklo               (abs)        0000
__end_of_Lcd_command     text14       0DB2
__end_of_Lcd_data        text4        0D87
__end_of_Lcd_output      text7        0063
__end_of__Umul8_16       text12       0DFD
__end_of___fladd         text6        04A1
__end_of___flge          text3        0105
__end_of___flmul         text11       07E6
__end_of___flsub         text5        0DD6
__end_of___fltol         text10       0F69
__end_of___lwdiv         text9        0E7B
__end_of___lwmod         text8        0E37
__end_of__initialization cinit        07FC
__end_of__stringtab      strings      0806
__end_of_display_status  text2        1000
__end_of_init            text13       0EF1
__end_of_keyscan         text1        023D
__end_of_main            maintext     0D60
__initialization         cinit        07E6
__pbssBANK0              bssBANK0     005B
__pcstackBANK0           cstackBANK0  0020
__pcstackCOMMON          cstackCOMMON 0070
__pdataBANK0             dataBANK0    0047
__pidataBANK0            idataBANK0   0D87
__pmaintext              maintext     0D52
__pstrings               strings      0800
__ptext1                 text1        0105
__ptext10                text10       0EF1
__ptext11                text11       04A1
__ptext12                text12       0DD6
__ptext13                text13       0E7B
__ptext14                text14       0D9B
__ptext2                 text2        0F69
__ptext3                 text3        0063
__ptext4                 text4        0D73
__ptext5                 text5        0DB2
__ptext6                 text6        023D
__ptext7                 text7        000A
__ptext8                 text8        0DFD
__ptext9                 text9        0E37
__stringbase             strings      0805
__stringtab              strings      0800
_array                   dataBANK0    0047
_battery_voltage         dataBANK0    0057
_d1                      bssBANK0     005F
_d2                      bssBANK0     0061
_display_status          text2        0F69
_init                    text13       0E7B
_j                       bssBANK0     005D
_keyscan                 text1        0105
_main                    maintext     0D52
_value                   bssBANK0     0067
_x                       bssBANK0     006A
btemp                    (abs)        007E
clear_ram0               clrtext      0D4A
end_of_initialization    cinit        07FC
init_fetch0              inittext     0D60
init_ram0                inittext     0D64
intlevel0                functab      0000
intlevel1                functab      0000
intlevel2                functab      0000
intlevel3                functab      0000
intlevel4                functab      0000
intlevel5                functab      0000
reset_vec                reset_vec    0000
start                    init         0000
start_initialization     cinit        07E6
wtemp0                   (abs)        007E


MODULE INFORMATION

Module		Function		Class		Link	Load	Size
C:\Program Files\Microchip\xc8\v2.46\pic\sources\c99\common\fltol.c
		___fltol       		CODE           	0EF1	0000	120

C:\Program Files\Microchip\xc8\v2.46\pic\sources\c99\common\fltol.c estimated size: 120

C:\Program Files\Microchip\xc8\v2.46\pic\sources\c99\common\Umul8_16.c
		__Umul8_16     		CODE           	0DD6	0000	39

C:\Program Files\Microchip\xc8\v2.46\pic\sources\c99\common\Umul8_16.c estimated size: 39

task4_II.c
		_init          		CODE           	0E7B	0000	118
		_main          		CODE           	0D52	0000	14
		_display_status		CODE           	0F69	0000	151
		_keyscan       		CODE           	0105	0000	312
		_Lcd_output    		CODE           	000A	0000	89
		_Lcd_command   		CODE           	0D9B	0000	23
		_Lcd_data      		CODE           	0D73	0000	20

task4_II.c estimated size: 727

C:\Program Files\Microchip\xc8\v2.46\pic\sources\c99\common\lwdiv.c
		___lwdiv       		CODE           	0E37	0000	68

C:\Program Files\Microchip\xc8\v2.46\pic\sources\c99\common\lwdiv.c estimated size: 68

C:\Program Files\Microchip\xc8\v2.46\pic\sources\c99\common\sprcmul.c
		___flmul       		CODE           	04A1	0000	837

C:\Program Files\Microchip\xc8\v2.46\pic\sources\c99\common\sprcmul.c estimated size: 837

shared
		__stringtab    		STRING         	0800	0000	6
		__initialization		CODE           	07E6	0000	22

shared estimated size: 28

C:\Program Files\Microchip\xc8\v2.46\pic\sources\c99\common\sprcadd.c
		___flsub       		CODE           	0DB2	0000	36
		___fladd       		CODE           	023D	0000	612

C:\Program Files\Microchip\xc8\v2.46\pic\sources\c99\common\sprcadd.c estimated size: 648

C:\Program Files\Microchip\xc8\v2.46\pic\sources\c99\common\lwmod.c
		___lwmod       		CODE           	0DFD	0000	58

C:\Program Files\Microchip\xc8\v2.46\pic\sources\c99\common\lwmod.c estimated size: 58

C:\Program Files\Microchip\xc8\v2.46\pic\sources\c99\common\flge.c
		___flge        		CODE           	0063	0000	162

C:\Program Files\Microchip\xc8\v2.46\pic\sources\c99\common\flge.c estimated size: 162

